Archive member included because of file (symbol)

d:/altera/test/13.0sp1/nios2eds/bin/gnu/h-i686-mingw32/bin/../lib/gcc/nios2-elf/4.1.2/../../../../nios2-elf/lib/mno-hw-mul\libsmallc.a(lib_a-printf.o)
                              obj/default/source.o (printf)
d:/altera/test/13.0sp1/nios2eds/bin/gnu/h-i686-mingw32/bin/../lib/gcc/nios2-elf/4.1.2/../../../../nios2-elf/lib/mno-hw-mul\libsmallc.a(lib_a-puts.o)
                              obj/default/source.o (puts)
d:/altera/test/13.0sp1/nios2eds/bin/gnu/h-i686-mingw32/bin/../lib/gcc/nios2-elf/4.1.2/../../../../nios2-elf/lib/mno-hw-mul\libsmallc.a(lib_a-strlen.o)
                              d:/altera/test/13.0sp1/nios2eds/bin/gnu/h-i686-mingw32/bin/../lib/gcc/nios2-elf/4.1.2/../../../../nios2-elf/lib/mno-hw-mul\libsmallc.a(lib_a-puts.o) (strlen)
d:/altera/test/13.0sp1/nios2eds/bin/gnu/h-i686-mingw32/bin/../lib/gcc/nios2-elf/4.1.2/../../../../nios2-elf/lib/mno-hw-mul\libsmallc.a(lib_a-vfprintf.o)
                              d:/altera/test/13.0sp1/nios2eds/bin/gnu/h-i686-mingw32/bin/../lib/gcc/nios2-elf/4.1.2/../../../../nios2-elf/lib/mno-hw-mul\libsmallc.a(lib_a-printf.o) (___vfprintf_internal_r)
d:/altera/test/13.0sp1/nios2eds/bin/gnu/h-i686-mingw32/bin/../lib/gcc/nios2-elf/4.1.2/../../../../nios2-elf/lib/mno-hw-mul\libsmallc.a(lib_a-fvwrite_small_dev.o)
                              d:/altera/test/13.0sp1/nios2eds/bin/gnu/h-i686-mingw32/bin/../lib/gcc/nios2-elf/4.1.2/../../../../nios2-elf/lib/mno-hw-mul\libsmallc.a(lib_a-printf.o) (__sfvwrite_small_dev)
d:/altera/test/13.0sp1/nios2eds/bin/gnu/h-i686-mingw32/bin/../lib/gcc/nios2-elf/4.1.2/../../../../nios2-elf/lib/mno-hw-mul\libsmallc.a(lib_a-impure.o)
                              d:/altera/test/13.0sp1/nios2eds/bin/gnu/h-i686-mingw32/bin/../lib/gcc/nios2-elf/4.1.2/../../../../nios2-elf/lib/mno-hw-mul\libsmallc.a(lib_a-printf.o) (_impure_ptr)
d:/altera/test/13.0sp1/nios2eds/bin/gnu/h-i686-mingw32/bin/../lib/gcc/nios2-elf/4.1.2/../../../../nios2-elf/lib/mno-hw-mul\libsmallc.a(lib_a-writer.o)
                              d:/altera/test/13.0sp1/nios2eds/bin/gnu/h-i686-mingw32/bin/../lib/gcc/nios2-elf/4.1.2/../../../../nios2-elf/lib/mno-hw-mul\libsmallc.a(lib_a-fvwrite_small_dev.o) (_write_r)
d:/altera/test/13.0sp1/nios2eds/bin/gnu/h-i686-mingw32/bin/../lib/gcc/nios2-elf/4.1.2/../../../../nios2-elf/lib/mno-hw-mul\libsmallc.a(lib_a-int_errno.o)
                              d:/altera/test/13.0sp1/nios2eds/bin/gnu/h-i686-mingw32/bin/../lib/gcc/nios2-elf/4.1.2/../../../../nios2-elf/lib/mno-hw-mul\libsmallc.a(lib_a-writer.o) (errno)
d:/altera/test/13.0sp1/nios2eds/bin/gnu/h-i686-mingw32/bin/../lib/gcc/nios2-elf/4.1.2/mno-hw-mul\libgcc.a(lib2-divmod.o)
                              d:/altera/test/13.0sp1/nios2eds/bin/gnu/h-i686-mingw32/bin/../lib/gcc/nios2-elf/4.1.2/../../../../nios2-elf/lib/mno-hw-mul\libsmallc.a(lib_a-vfprintf.o) (__udivsi3)
d:/altera/test/13.0sp1/nios2eds/bin/gnu/h-i686-mingw32/bin/../lib/gcc/nios2-elf/4.1.2/mno-hw-mul\libgcc.a(lib2-mul.o)
                              d:/altera/test/13.0sp1/nios2eds/bin/gnu/h-i686-mingw32/bin/../lib/gcc/nios2-elf/4.1.2/../../../../nios2-elf/lib/mno-hw-mul\libsmallc.a(lib_a-vfprintf.o) (__mulsi3)
../helloAES_bsp/\libhal_bsp.a(alt_load.o)
                              ../helloAES_bsp//obj/HAL/src/crt0.o (alt_load)
../helloAES_bsp/\libhal_bsp.a(alt_main.o)
                              ../helloAES_bsp//obj/HAL/src/crt0.o (alt_main)
../helloAES_bsp/\libhal_bsp.a(alt_write.o)
                              d:/altera/test/13.0sp1/nios2eds/bin/gnu/h-i686-mingw32/bin/../lib/gcc/nios2-elf/4.1.2/../../../../nios2-elf/lib/mno-hw-mul\libsmallc.a(lib_a-writer.o) (write)
../helloAES_bsp/\libhal_bsp.a(alt_sys_init.o)
                              ../helloAES_bsp/\libhal_bsp.a(alt_main.o) (alt_irq_init)
../helloAES_bsp/\libhal_bsp.a(altera_avalon_jtag_uart_fd.o)
                              ../helloAES_bsp/\libhal_bsp.a(alt_sys_init.o) (altera_avalon_jtag_uart_read_fd)
../helloAES_bsp/\libhal_bsp.a(altera_avalon_jtag_uart_read.o)
                              ../helloAES_bsp/\libhal_bsp.a(altera_avalon_jtag_uart_fd.o) (altera_avalon_jtag_uart_read)
../helloAES_bsp/\libhal_bsp.a(altera_avalon_jtag_uart_write.o)
                              ../helloAES_bsp/\libhal_bsp.a(altera_avalon_jtag_uart_fd.o) (altera_avalon_jtag_uart_write)
../helloAES_bsp/\libhal_bsp.a(alt_close.o)
                              ../helloAES_bsp/\libhal_bsp.a(alt_main.o) (close)
../helloAES_bsp/\libhal_bsp.a(alt_dcache_flush_all.o)
                              ../helloAES_bsp/\libhal_bsp.a(alt_load.o) (alt_dcache_flush_all)
../helloAES_bsp/\libhal_bsp.a(alt_dev.o)
                              ../helloAES_bsp/\libhal_bsp.a(alt_sys_init.o) (alt_dev_list)
../helloAES_bsp/\libhal_bsp.a(alt_dev_llist_insert.o)
                              ../helloAES_bsp/\libhal_bsp.a(alt_sys_init.o) (alt_dev_llist_insert)
../helloAES_bsp/\libhal_bsp.a(alt_do_ctors.o)
                              ../helloAES_bsp/\libhal_bsp.a(alt_main.o) (_do_ctors)
../helloAES_bsp/\libhal_bsp.a(alt_do_dtors.o)
                              ../helloAES_bsp/\libhal_bsp.a(alt_main.o) (_do_dtors)
../helloAES_bsp/\libhal_bsp.a(alt_errno.o)
                              ../helloAES_bsp/\libhal_bsp.a(alt_write.o) (alt_errno)
../helloAES_bsp/\libhal_bsp.a(alt_icache_flush_all.o)
                              ../helloAES_bsp/\libhal_bsp.a(alt_load.o) (alt_icache_flush_all)
../helloAES_bsp/\libhal_bsp.a(alt_io_redirect.o)
                              ../helloAES_bsp/\libhal_bsp.a(alt_main.o) (alt_io_redirect)
../helloAES_bsp/\libhal_bsp.a(alt_open.o)
                              ../helloAES_bsp/\libhal_bsp.a(alt_io_redirect.o) (open)
../helloAES_bsp/\libhal_bsp.a(alt_release_fd.o)
                              ../helloAES_bsp/\libhal_bsp.a(alt_close.o) (alt_release_fd)
../helloAES_bsp/\libhal_bsp.a(altera_nios2_qsys_irq.o)
                              ../helloAES_bsp/\libhal_bsp.a(alt_sys_init.o) (altera_nios2_qsys_irq_init)
../helloAES_bsp/\libhal_bsp.a(alt_find_dev.o)
                              ../helloAES_bsp/\libhal_bsp.a(alt_open.o) (alt_find_dev)
../helloAES_bsp/\libhal_bsp.a(alt_find_file.o)
                              ../helloAES_bsp/\libhal_bsp.a(alt_open.o) (alt_find_file)
../helloAES_bsp/\libhal_bsp.a(alt_get_fd.o)
                              ../helloAES_bsp/\libhal_bsp.a(alt_open.o) (alt_get_fd)
d:/altera/test/13.0sp1/nios2eds/bin/gnu/h-i686-mingw32/bin/../lib/gcc/nios2-elf/4.1.2/../../../../nios2-elf/lib/mno-hw-mul\libsmallc.a(lib_a-atexit.o)
                              ../helloAES_bsp/\libhal_bsp.a(alt_main.o) (atexit)
d:/altera/test/13.0sp1/nios2eds/bin/gnu/h-i686-mingw32/bin/../lib/gcc/nios2-elf/4.1.2/../../../../nios2-elf/lib/mno-hw-mul\libsmallc.a(lib_a-exit.o)
                              ../helloAES_bsp/\libhal_bsp.a(alt_main.o) (exit)
d:/altera/test/13.0sp1/nios2eds/bin/gnu/h-i686-mingw32/bin/../lib/gcc/nios2-elf/4.1.2/../../../../nios2-elf/lib/mno-hw-mul\libsmallc.a(lib_a-memcmp.o)
                              ../helloAES_bsp/\libhal_bsp.a(alt_find_dev.o) (memcmp)
d:/altera/test/13.0sp1/nios2eds/bin/gnu/h-i686-mingw32/bin/../lib/gcc/nios2-elf/4.1.2/../../../../nios2-elf/lib/mno-hw-mul\libsmallc.a(lib_a-__atexit.o)
                              d:/altera/test/13.0sp1/nios2eds/bin/gnu/h-i686-mingw32/bin/../lib/gcc/nios2-elf/4.1.2/../../../../nios2-elf/lib/mno-hw-mul\libsmallc.a(lib_a-atexit.o) (__register_exitproc)
d:/altera/test/13.0sp1/nios2eds/bin/gnu/h-i686-mingw32/bin/../lib/gcc/nios2-elf/4.1.2/../../../../nios2-elf/lib/mno-hw-mul\libsmallc.a(lib_a-__call_atexit.o)
                              d:/altera/test/13.0sp1/nios2eds/bin/gnu/h-i686-mingw32/bin/../lib/gcc/nios2-elf/4.1.2/../../../../nios2-elf/lib/mno-hw-mul\libsmallc.a(lib_a-exit.o) (__call_exitprocs)
../helloAES_bsp/\libhal_bsp.a(alt_exit.o)
                              d:/altera/test/13.0sp1/nios2eds/bin/gnu/h-i686-mingw32/bin/../lib/gcc/nios2-elf/4.1.2/../../../../nios2-elf/lib/mno-hw-mul\libsmallc.a(lib_a-exit.o) (_exit)

Allocating common symbols
Common symbol       size              file

errno               0x4               d:/altera/test/13.0sp1/nios2eds/bin/gnu/h-i686-mingw32/bin/../lib/gcc/nios2-elf/4.1.2/../../../../nios2-elf/lib/mno-hw-mul\libsmallc.a(lib_a-int_errno.o)
_atexit0            0x8c              d:/altera/test/13.0sp1/nios2eds/bin/gnu/h-i686-mingw32/bin/../lib/gcc/nios2-elf/4.1.2/../../../../nios2-elf/lib/mno-hw-mul\libsmallc.a(lib_a-atexit.o)

Memory Configuration

Name             Origin             Length             Attributes
reset            0x00008000         0x00000020
onchip_memory2_0 0x00008020         0x00007fe0
*default*        0x00000000         0xffffffff

Linker script and memory map

LOAD ../helloAES_bsp//obj/HAL/src/crt0.o
LOAD obj/default/source.o
LOAD d:/altera/test/13.0sp1/nios2eds/bin/gnu/h-i686-mingw32/bin/../lib/gcc/nios2-elf/4.1.2/../../../../nios2-elf/lib/mno-hw-mul\libstdc++.a
LOAD d:/altera/test/13.0sp1/nios2eds/bin/gnu/h-i686-mingw32/bin/../lib/gcc/nios2-elf/4.1.2/../../../../nios2-elf/lib/mno-hw-mul\libm.a
LOAD d:/altera/test/13.0sp1/nios2eds/bin/gnu/h-i686-mingw32/bin/../lib/gcc/nios2-elf/4.1.2/mno-hw-mul\libgcc.a
START GROUP
LOAD d:/altera/test/13.0sp1/nios2eds/bin/gnu/h-i686-mingw32/bin/../lib/gcc/nios2-elf/4.1.2/../../../../nios2-elf/lib/mno-hw-mul\libsmallc.a
LOAD d:/altera/test/13.0sp1/nios2eds/bin/gnu/h-i686-mingw32/bin/../lib/gcc/nios2-elf/4.1.2/mno-hw-mul\libgcc.a
LOAD ../helloAES_bsp/\libhal_bsp.a
END GROUP
LOAD d:/altera/test/13.0sp1/nios2eds/bin/gnu/h-i686-mingw32/bin/../lib/gcc/nios2-elf/4.1.2/mno-hw-mul\libgcc.a
                0x00008000                __alt_mem_onchip_memory2_0 = 0x8000

.entry          0x00008000       0x20
 *(.entry)
 .entry         0x00008000       0x20 ../helloAES_bsp//obj/HAL/src/crt0.o
                0x00008000                __reset

.exceptions     0x00008020        0x0
                0x00008020                PROVIDE (__ram_exceptions_start, ABSOLUTE (.))
                0x00008020                . = ALIGN (0x20)
 *(.irq)
 *(.exceptions.entry.label)
 *(.exceptions.entry.user)
 *(.exceptions.entry)
 *(.exceptions.irqtest.user)
 *(.exceptions.irqtest)
 *(.exceptions.irqhandler.user)
 *(.exceptions.irqhandler)
 *(.exceptions.irqreturn.user)
 *(.exceptions.irqreturn)
 *(.exceptions.notirq.label)
 *(.exceptions.notirq.user)
 *(.exceptions.notirq)
 *(.exceptions.soft.user)
 *(.exceptions.soft)
 *(.exceptions.unknown.user)
 *(.exceptions.unknown)
 *(.exceptions.exit.label)
 *(.exceptions.exit.user)
 *(.exceptions.exit)
 *(.exceptions)
                0x00008020                PROVIDE (__ram_exceptions_end, ABSOLUTE (.))
                0x00008020                PROVIDE (__flash_exceptions_start, LOADADDR (.exceptions))

.text           0x00008020     0x237c
                0x00008020                PROVIDE (stext, ABSOLUTE (.))
 *(.interp)
 *(.hash)
 *(.dynsym)
 *(.dynstr)
 *(.gnu.version)
 *(.gnu.version_d)
 *(.gnu.version_r)
 *(.rel.init)
 *(.rela.init)
 *(.rel.text .rel.text.* .rel.gnu.linkonce.t.*)
 *(.rela.text .rela.text.* .rela.gnu.linkonce.t.*)
 *(.rel.fini)
 *(.rela.fini)
 *(.rel.rodata .rel.rodata.* .rel.gnu.linkonce.r.*)
 *(.rela.rodata .rela.rodata.* .rela.gnu.linkonce.r.*)
 *(.rel.data .rel.data.* .rel.gnu.linkonce.d.*)
 *(.rela.data .rela.data.* .rela.gnu.linkonce.d.*)
 *(.rel.tdata .rel.tdata.* .rel.gnu.linkonce.td.*)
 *(.rela.tdata .rela.tdata.* .rela.gnu.linkonce.td.*)
 *(.rel.tbss .rel.tbss.* .rel.gnu.linkonce.tb.*)
 *(.rela.tbss .rela.tbss.* .rela.gnu.linkonce.tb.*)
 *(.rel.ctors)
 *(.rela.ctors)
 *(.rel.dtors)
 *(.rela.dtors)
 *(.rel.got)
 *(.rela.got)
 *(.rel.sdata .rel.sdata.* .rel.gnu.linkonce.s.*)
 *(.rela.sdata .rela.sdata.* .rela.gnu.linkonce.s.*)
 *(.rel.sbss .rel.sbss.* .rel.gnu.linkonce.sb.*)
 *(.rela.sbss .rela.sbss.* .rela.gnu.linkonce.sb.*)
 *(.rel.sdata2 .rel.sdata2.* .rel.gnu.linkonce.s2.*)
 *(.rela.sdata2 .rela.sdata2.* .rela.gnu.linkonce.s2.*)
 *(.rel.sbss2 .rel.sbss2.* .rel.gnu.linkonce.sb2.*)
 *(.rela.sbss2 .rela.sbss2.* .rela.gnu.linkonce.sb2.*)
 *(.rel.bss .rel.bss.* .rel.gnu.linkonce.b.*)
 *(.rela.bss .rela.bss.* .rela.gnu.linkonce.b.*)
 *(.rel.plt)
 *(.rela.plt)
 *(.rel.dyn)
 *(.init)
 *(.plt)
 *(.text .stub .text.* .gnu.linkonce.t.*)
 .text          0x00008020       0x3c ../helloAES_bsp//obj/HAL/src/crt0.o
                0x00008020                _start
 .text          0x0000805c      0x32c obj/default/source.o
                0x0000805c                main
 .text          0x00008388       0x98 d:/altera/test/13.0sp1/nios2eds/bin/gnu/h-i686-mingw32/bin/../lib/gcc/nios2-elf/4.1.2/../../../../nios2-elf/lib/mno-hw-mul\libsmallc.a(lib_a-printf.o)
                0x00008388                printf
                0x000083dc                _printf_r
 .text          0x00008420       0xa4 d:/altera/test/13.0sp1/nios2eds/bin/gnu/h-i686-mingw32/bin/../lib/gcc/nios2-elf/4.1.2/../../../../nios2-elf/lib/mno-hw-mul\libsmallc.a(lib_a-puts.o)
                0x00008420                _puts_r
                0x000084b0                puts
 .text          0x000084c4       0x20 d:/altera/test/13.0sp1/nios2eds/bin/gnu/h-i686-mingw32/bin/../lib/gcc/nios2-elf/4.1.2/../../../../nios2-elf/lib/mno-hw-mul\libsmallc.a(lib_a-strlen.o)
                0x000084c4                strlen
 .text          0x000084e4      0x740 d:/altera/test/13.0sp1/nios2eds/bin/gnu/h-i686-mingw32/bin/../lib/gcc/nios2-elf/4.1.2/../../../../nios2-elf/lib/mno-hw-mul\libsmallc.a(lib_a-vfprintf.o)
                0x00008564                ___vfprintf_internal_r
                0x00008c00                __vfprintf_internal
 .text          0x00008c24       0xbc d:/altera/test/13.0sp1/nios2eds/bin/gnu/h-i686-mingw32/bin/../lib/gcc/nios2-elf/4.1.2/../../../../nios2-elf/lib/mno-hw-mul\libsmallc.a(lib_a-fvwrite_small_dev.o)
                0x00008c24                __sfvwrite_small_dev
 .text          0x00008ce0        0x0 d:/altera/test/13.0sp1/nios2eds/bin/gnu/h-i686-mingw32/bin/../lib/gcc/nios2-elf/4.1.2/../../../../nios2-elf/lib/mno-hw-mul\libsmallc.a(lib_a-impure.o)
 .text          0x00008ce0       0x78 d:/altera/test/13.0sp1/nios2eds/bin/gnu/h-i686-mingw32/bin/../lib/gcc/nios2-elf/4.1.2/../../../../nios2-elf/lib/mno-hw-mul\libsmallc.a(lib_a-writer.o)
                0x00008ce0                _write_r
 .text          0x00008d58        0x0 d:/altera/test/13.0sp1/nios2eds/bin/gnu/h-i686-mingw32/bin/../lib/gcc/nios2-elf/4.1.2/../../../../nios2-elf/lib/mno-hw-mul\libsmallc.a(lib_a-int_errno.o)
 .text          0x00008d58      0x14c d:/altera/test/13.0sp1/nios2eds/bin/gnu/h-i686-mingw32/bin/../lib/gcc/nios2-elf/4.1.2/mno-hw-mul\libgcc.a(lib2-divmod.o)
                0x00008dd4                __divsi3
                0x00008e34                __modsi3
                0x00008e94                __udivsi3
                0x00008e9c                __umodsi3
 .text          0x00008ea4       0x38 d:/altera/test/13.0sp1/nios2eds/bin/gnu/h-i686-mingw32/bin/../lib/gcc/nios2-elf/4.1.2/mno-hw-mul\libgcc.a(lib2-mul.o)
                0x00008ea4                __mulsi3
 .text          0x00008edc       0xec ../helloAES_bsp/\libhal_bsp.a(alt_load.o)
                0x00008edc                alt_load
 .text          0x00008fc8       0x6c ../helloAES_bsp/\libhal_bsp.a(alt_main.o)
                0x00008fc8                alt_main
 .text          0x00009034      0x184 ../helloAES_bsp/\libhal_bsp.a(alt_write.o)
                0x00009034                write
 .text          0x000091b8       0x9c ../helloAES_bsp/\libhal_bsp.a(alt_sys_init.o)
                0x000091b8                alt_irq_init
                0x000091ec                alt_sys_init
 .text          0x00009254       0xb0 ../helloAES_bsp/\libhal_bsp.a(altera_avalon_jtag_uart_fd.o)
                0x00009254                altera_avalon_jtag_uart_read_fd
                0x000092ac                altera_avalon_jtag_uart_write_fd
 .text          0x00009304      0x104 ../helloAES_bsp/\libhal_bsp.a(altera_avalon_jtag_uart_read.o)
                0x00009304                altera_avalon_jtag_uart_read
 .text          0x00009408       0xa4 ../helloAES_bsp/\libhal_bsp.a(altera_avalon_jtag_uart_write.o)
                0x00009408                altera_avalon_jtag_uart_write
 .text          0x000094ac      0x160 ../helloAES_bsp/\libhal_bsp.a(alt_close.o)
                0x000094ac                close
 .text          0x0000960c       0x1c ../helloAES_bsp/\libhal_bsp.a(alt_dcache_flush_all.o)
                0x0000960c                alt_dcache_flush_all
 .text          0x00009628       0x2c ../helloAES_bsp/\libhal_bsp.a(alt_dev.o)
 .text          0x00009654      0x114 ../helloAES_bsp/\libhal_bsp.a(alt_dev_llist_insert.o)
                0x00009654                alt_dev_llist_insert
 .text          0x00009768       0x64 ../helloAES_bsp/\libhal_bsp.a(alt_do_ctors.o)
                0x00009768                _do_ctors
 .text          0x000097cc       0x64 ../helloAES_bsp/\libhal_bsp.a(alt_do_dtors.o)
                0x000097cc                _do_dtors
 .text          0x00009830        0x0 ../helloAES_bsp/\libhal_bsp.a(alt_errno.o)
 .text          0x00009830       0x1c ../helloAES_bsp/\libhal_bsp.a(alt_icache_flush_all.o)
                0x00009830                alt_icache_flush_all
 .text          0x0000984c      0x150 ../helloAES_bsp/\libhal_bsp.a(alt_io_redirect.o)
                0x00009924                alt_io_redirect
 .text          0x0000999c      0x2e4 ../helloAES_bsp/\libhal_bsp.a(alt_open.o)
                0x00009a94                open
 .text          0x00009c80       0x78 ../helloAES_bsp/\libhal_bsp.a(alt_release_fd.o)
                0x00009c80                alt_release_fd
 .text          0x00009cf8       0x20 ../helloAES_bsp/\libhal_bsp.a(altera_nios2_qsys_irq.o)
                0x00009cf8                altera_nios2_qsys_irq_init
 .text          0x00009d18       0x94 ../helloAES_bsp/\libhal_bsp.a(alt_find_dev.o)
                0x00009d18                alt_find_dev
 .text          0x00009dac      0x120 ../helloAES_bsp/\libhal_bsp.a(alt_find_file.o)
                0x00009dac                alt_find_file
 .text          0x00009ecc       0xd0 ../helloAES_bsp/\libhal_bsp.a(alt_get_fd.o)
                0x00009ecc                alt_get_fd
 .text          0x00009f9c       0x14 d:/altera/test/13.0sp1/nios2eds/bin/gnu/h-i686-mingw32/bin/../lib/gcc/nios2-elf/4.1.2/../../../../nios2-elf/lib/mno-hw-mul\libsmallc.a(lib_a-atexit.o)
                0x00009f9c                atexit
 .text          0x00009fb0       0x20 d:/altera/test/13.0sp1/nios2eds/bin/gnu/h-i686-mingw32/bin/../lib/gcc/nios2-elf/4.1.2/../../../../nios2-elf/lib/mno-hw-mul\libsmallc.a(lib_a-exit.o)
                0x00009fb0                exit
 .text          0x00009fd0       0x3c d:/altera/test/13.0sp1/nios2eds/bin/gnu/h-i686-mingw32/bin/../lib/gcc/nios2-elf/4.1.2/../../../../nios2-elf/lib/mno-hw-mul\libsmallc.a(lib_a-memcmp.o)
                0x00009fd0                memcmp
 .text          0x0000a00c      0x16c d:/altera/test/13.0sp1/nios2eds/bin/gnu/h-i686-mingw32/bin/../lib/gcc/nios2-elf/4.1.2/../../../../nios2-elf/lib/mno-hw-mul\libsmallc.a(lib_a-__atexit.o)
                0x0000a00c                __register_exitproc
 .text          0x0000a178      0x1c0 d:/altera/test/13.0sp1/nios2eds/bin/gnu/h-i686-mingw32/bin/../lib/gcc/nios2-elf/4.1.2/../../../../nios2-elf/lib/mno-hw-mul\libsmallc.a(lib_a-__call_atexit.o)
                0x0000a17c                __call_exitprocs
 .text          0x0000a338       0x60 ../helloAES_bsp/\libhal_bsp.a(alt_exit.o)
                0x0000a378                _exit
 *(.gnu.warning.*)
 *(.fini)
                0x0000a398                PROVIDE (__etext, ABSOLUTE (.))
                0x0000a398                PROVIDE (_etext, ABSOLUTE (.))
                0x0000a398                PROVIDE (etext, ABSOLUTE (.))
 *(.eh_frame_hdr)
                0x0000a398                . = ALIGN (0x4)
                0x0000a398                PROVIDE (__preinit_array_start, ABSOLUTE (.))
 *(.preinit_array)
                0x0000a398                PROVIDE (__preinit_array_end, ABSOLUTE (.))
                0x0000a398                PROVIDE (__init_array_start, ABSOLUTE (.))
 *(.init_array)
                0x0000a398                PROVIDE (__init_array_end, ABSOLUTE (.))
                0x0000a398                PROVIDE (__fini_array_start, ABSOLUTE (.))
 *(.fini_array)
                0x0000a398                PROVIDE (__fini_array_end, ABSOLUTE (.))
 *(.eh_frame)
 *(.gcc_except_table)
 *(.dynamic)
                0x0000a398                PROVIDE (__CTOR_LIST__, ABSOLUTE (.))
 *(.ctors)
 *(SORT(.ctors.*))
 .ctors.65535   0x0000a398        0x4 d:/altera/test/13.0sp1/nios2eds/bin/gnu/h-i686-mingw32/bin/../lib/gcc/nios2-elf/4.1.2/../../../../nios2-elf/lib/mno-hw-mul\libsmallc.a(lib_a-__call_atexit.o)
                0x0000a39c                PROVIDE (__CTOR_END__, ABSOLUTE (.))
                0x0000a39c                PROVIDE (__DTOR_LIST__, ABSOLUTE (.))
 *(.dtors)
 *(SORT(.dtors.*))
                0x0000a39c                PROVIDE (__DTOR_END__, ABSOLUTE (.))
 *(.jcr)
                0x0000a39c                . = ALIGN (0x4)

.rodata         0x0000a39c       0x78
                0x0000a39c                PROVIDE (__ram_rodata_start, ABSOLUTE (.))
                0x0000a39c                . = ALIGN (0x4)
 *(.rodata .rodata.* .gnu.linkonce.r.*)
 .rodata        0x0000a39c       0x40 obj/default/source.o
 .rodata.str1.4
                0x0000a3dc        0x4 d:/altera/test/13.0sp1/nios2eds/bin/gnu/h-i686-mingw32/bin/../lib/gcc/nios2-elf/4.1.2/../../../../nios2-elf/lib/mno-hw-mul\libsmallc.a(lib_a-puts.o)
 .rodata        0x0000a3e0       0x14 ../helloAES_bsp/\libhal_bsp.a(alt_main.o)
 .rodata        0x0000a3f4       0x14 ../helloAES_bsp/\libhal_bsp.a(alt_sys_init.o)
 .rodata        0x0000a408        0xc ../helloAES_bsp/\libhal_bsp.a(alt_dev.o)
 *(.rodata1)
                0x0000a414                . = ALIGN (0x4)
                0x0000a414                PROVIDE (__ram_rodata_end, ABSOLUTE (.))
                0x0000a39c                PROVIDE (__flash_rodata_start, LOADADDR (.rodata))

.rwdata         0x0000a414      0x2d4 load address 0x0000a6e8
                0x0000a414                PROVIDE (__ram_rwdata_start, ABSOLUTE (.))
                0x0000a414                . = ALIGN (0x4)
 *(.got.plt)
 *(.got)
 *(.data1)
 *(.data .data.* .gnu.linkonce.d.*)
 .data          0x0000a414        0x0 ../helloAES_bsp//obj/HAL/src/crt0.o
 .data          0x0000a414        0x0 obj/default/source.o
 .data          0x0000a414        0x0 d:/altera/test/13.0sp1/nios2eds/bin/gnu/h-i686-mingw32/bin/../lib/gcc/nios2-elf/4.1.2/../../../../nios2-elf/lib/mno-hw-mul\libsmallc.a(lib_a-printf.o)
 .data          0x0000a414        0x0 d:/altera/test/13.0sp1/nios2eds/bin/gnu/h-i686-mingw32/bin/../lib/gcc/nios2-elf/4.1.2/../../../../nios2-elf/lib/mno-hw-mul\libsmallc.a(lib_a-puts.o)
 .data          0x0000a414        0x0 d:/altera/test/13.0sp1/nios2eds/bin/gnu/h-i686-mingw32/bin/../lib/gcc/nios2-elf/4.1.2/../../../../nios2-elf/lib/mno-hw-mul\libsmallc.a(lib_a-strlen.o)
 .data          0x0000a414        0x0 d:/altera/test/13.0sp1/nios2eds/bin/gnu/h-i686-mingw32/bin/../lib/gcc/nios2-elf/4.1.2/../../../../nios2-elf/lib/mno-hw-mul\libsmallc.a(lib_a-vfprintf.o)
 .data          0x0000a414        0x0 d:/altera/test/13.0sp1/nios2eds/bin/gnu/h-i686-mingw32/bin/../lib/gcc/nios2-elf/4.1.2/../../../../nios2-elf/lib/mno-hw-mul\libsmallc.a(lib_a-fvwrite_small_dev.o)
 .data          0x0000a414       0xe0 d:/altera/test/13.0sp1/nios2eds/bin/gnu/h-i686-mingw32/bin/../lib/gcc/nios2-elf/4.1.2/../../../../nios2-elf/lib/mno-hw-mul\libsmallc.a(lib_a-impure.o)
 .data          0x0000a4f4        0x0 d:/altera/test/13.0sp1/nios2eds/bin/gnu/h-i686-mingw32/bin/../lib/gcc/nios2-elf/4.1.2/../../../../nios2-elf/lib/mno-hw-mul\libsmallc.a(lib_a-writer.o)
 .data          0x0000a4f4        0x0 d:/altera/test/13.0sp1/nios2eds/bin/gnu/h-i686-mingw32/bin/../lib/gcc/nios2-elf/4.1.2/../../../../nios2-elf/lib/mno-hw-mul\libsmallc.a(lib_a-int_errno.o)
 .data          0x0000a4f4        0x0 d:/altera/test/13.0sp1/nios2eds/bin/gnu/h-i686-mingw32/bin/../lib/gcc/nios2-elf/4.1.2/mno-hw-mul\libgcc.a(lib2-divmod.o)
 .data          0x0000a4f4        0x0 d:/altera/test/13.0sp1/nios2eds/bin/gnu/h-i686-mingw32/bin/../lib/gcc/nios2-elf/4.1.2/mno-hw-mul\libgcc.a(lib2-mul.o)
 .data          0x0000a4f4        0x0 ../helloAES_bsp/\libhal_bsp.a(alt_load.o)
 .data          0x0000a4f4        0x0 ../helloAES_bsp/\libhal_bsp.a(alt_main.o)
 .data          0x0000a4f4        0x0 ../helloAES_bsp/\libhal_bsp.a(alt_write.o)
 .data          0x0000a4f4       0x2c ../helloAES_bsp/\libhal_bsp.a(alt_sys_init.o)
 .data          0x0000a520        0x0 ../helloAES_bsp/\libhal_bsp.a(altera_avalon_jtag_uart_fd.o)
 .data          0x0000a520        0x0 ../helloAES_bsp/\libhal_bsp.a(altera_avalon_jtag_uart_read.o)
 .data          0x0000a520        0x0 ../helloAES_bsp/\libhal_bsp.a(altera_avalon_jtag_uart_write.o)
 .data          0x0000a520        0x0 ../helloAES_bsp/\libhal_bsp.a(alt_close.o)
 .data          0x0000a520        0x0 ../helloAES_bsp/\libhal_bsp.a(alt_dcache_flush_all.o)
 .data          0x0000a520      0x1a8 ../helloAES_bsp/\libhal_bsp.a(alt_dev.o)
                0x0000a520                alt_dev_null
                0x0000a548                alt_fd_list
 .data          0x0000a6c8        0x0 ../helloAES_bsp/\libhal_bsp.a(alt_dev_llist_insert.o)
 .data          0x0000a6c8        0x0 ../helloAES_bsp/\libhal_bsp.a(alt_do_ctors.o)
 .data          0x0000a6c8        0x0 ../helloAES_bsp/\libhal_bsp.a(alt_do_dtors.o)
 .data          0x0000a6c8        0x0 ../helloAES_bsp/\libhal_bsp.a(alt_errno.o)
 .data          0x0000a6c8        0x0 ../helloAES_bsp/\libhal_bsp.a(alt_icache_flush_all.o)
 .data          0x0000a6c8        0x0 ../helloAES_bsp/\libhal_bsp.a(alt_io_redirect.o)
 .data          0x0000a6c8        0x0 ../helloAES_bsp/\libhal_bsp.a(alt_open.o)
 .data          0x0000a6c8        0x0 ../helloAES_bsp/\libhal_bsp.a(alt_release_fd.o)
 .data          0x0000a6c8        0x0 ../helloAES_bsp/\libhal_bsp.a(altera_nios2_qsys_irq.o)
 .data          0x0000a6c8        0x0 ../helloAES_bsp/\libhal_bsp.a(alt_find_dev.o)
 .data          0x0000a6c8        0x0 ../helloAES_bsp/\libhal_bsp.a(alt_find_file.o)
 .data          0x0000a6c8        0x0 ../helloAES_bsp/\libhal_bsp.a(alt_get_fd.o)
 .data          0x0000a6c8        0x0 d:/altera/test/13.0sp1/nios2eds/bin/gnu/h-i686-mingw32/bin/../lib/gcc/nios2-elf/4.1.2/../../../../nios2-elf/lib/mno-hw-mul\libsmallc.a(lib_a-atexit.o)
 .data          0x0000a6c8        0x0 d:/altera/test/13.0sp1/nios2eds/bin/gnu/h-i686-mingw32/bin/../lib/gcc/nios2-elf/4.1.2/../../../../nios2-elf/lib/mno-hw-mul\libsmallc.a(lib_a-exit.o)
 .data          0x0000a6c8        0x0 d:/altera/test/13.0sp1/nios2eds/bin/gnu/h-i686-mingw32/bin/../lib/gcc/nios2-elf/4.1.2/../../../../nios2-elf/lib/mno-hw-mul\libsmallc.a(lib_a-memcmp.o)
 .data          0x0000a6c8        0x0 d:/altera/test/13.0sp1/nios2eds/bin/gnu/h-i686-mingw32/bin/../lib/gcc/nios2-elf/4.1.2/../../../../nios2-elf/lib/mno-hw-mul\libsmallc.a(lib_a-__atexit.o)
 .data          0x0000a6c8        0x0 d:/altera/test/13.0sp1/nios2eds/bin/gnu/h-i686-mingw32/bin/../lib/gcc/nios2-elf/4.1.2/../../../../nios2-elf/lib/mno-hw-mul\libsmallc.a(lib_a-__call_atexit.o)
 .data          0x0000a6c8        0x0 ../helloAES_bsp/\libhal_bsp.a(alt_exit.o)
                0x000126c8                _gp = ABSOLUTE ((. + 0x8000))
                0x000126c8                PROVIDE (gp, _gp)
 *(.rwdata .rwdata.*)
 *(.sdata .sdata.* .gnu.linkonce.s.*)
 .sdata         0x0000a6c8        0x8 d:/altera/test/13.0sp1/nios2eds/bin/gnu/h-i686-mingw32/bin/../lib/gcc/nios2-elf/4.1.2/../../../../nios2-elf/lib/mno-hw-mul\libsmallc.a(lib_a-impure.o)
                0x0000a6c8                _impure_ptr
                0x0000a6cc                _global_impure_ptr
 .sdata         0x0000a6d0       0x14 ../helloAES_bsp/\libhal_bsp.a(alt_dev.o)
                0x0000a6d0                alt_fs_list
                0x0000a6d8                alt_dev_list
                0x0000a6e0                alt_max_fd
 .sdata         0x0000a6e4        0x4 ../helloAES_bsp/\libhal_bsp.a(alt_errno.o)
                0x0000a6e4                alt_errno
 *(.sdata2 .sdata2.* .gnu.linkonce.s2.*)
                0x0000a6e8                . = ALIGN (0x4)
                0x0000a6e8                _edata = ABSOLUTE (.)
                0x0000a6e8                PROVIDE (edata, ABSOLUTE (.))
                0x0000a6e8                PROVIDE (__ram_rwdata_end, ABSOLUTE (.))
                0x0000a6e8                PROVIDE (__flash_rwdata_start, LOADADDR (.rwdata))

.bss            0x0000a9bc       0x9c
                0x0000a9bc                __bss_start = ABSOLUTE (.)
                0x0000a9bc                PROVIDE (__sbss_start, ABSOLUTE (.))
                0x0000a9bc                PROVIDE (___sbss_start, ABSOLUTE (.))
 *(.dynsbss)
 *(.sbss .sbss.* .gnu.linkonce.sb.*)
 .sbss          0x0000a9bc        0x4 d:/altera/test/13.0sp1/nios2eds/bin/gnu/h-i686-mingw32/bin/../lib/gcc/nios2-elf/4.1.2/../../../../nios2-elf/lib/mno-hw-mul\libsmallc.a(lib_a-int_errno.o)
                0x0000a9bc                errno
 .sbss          0x0000a9c0        0xc ../helloAES_bsp/\libhal_bsp.a(alt_main.o)
                0x0000a9c0                alt_argc
                0x0000a9c4                alt_argv
                0x0000a9c8                alt_envp
 *(.sbss2 .sbss2.* .gnu.linkonce.sb2.*)
 *(.scommon)
                0x0000a9cc                PROVIDE (__sbss_end, ABSOLUTE (.))
                0x0000a9cc                PROVIDE (___sbss_end, ABSOLUTE (.))
 *(.dynbss)
 *(.bss .bss.* .gnu.linkonce.b.*)
 .bss           0x0000a9cc        0x0 ../helloAES_bsp//obj/HAL/src/crt0.o
 .bss           0x0000a9cc        0x0 obj/default/source.o
 .bss           0x0000a9cc        0x0 d:/altera/test/13.0sp1/nios2eds/bin/gnu/h-i686-mingw32/bin/../lib/gcc/nios2-elf/4.1.2/../../../../nios2-elf/lib/mno-hw-mul\libsmallc.a(lib_a-printf.o)
 .bss           0x0000a9cc        0x0 d:/altera/test/13.0sp1/nios2eds/bin/gnu/h-i686-mingw32/bin/../lib/gcc/nios2-elf/4.1.2/../../../../nios2-elf/lib/mno-hw-mul\libsmallc.a(lib_a-puts.o)
 .bss           0x0000a9cc        0x0 d:/altera/test/13.0sp1/nios2eds/bin/gnu/h-i686-mingw32/bin/../lib/gcc/nios2-elf/4.1.2/../../../../nios2-elf/lib/mno-hw-mul\libsmallc.a(lib_a-strlen.o)
 .bss           0x0000a9cc        0x0 d:/altera/test/13.0sp1/nios2eds/bin/gnu/h-i686-mingw32/bin/../lib/gcc/nios2-elf/4.1.2/../../../../nios2-elf/lib/mno-hw-mul\libsmallc.a(lib_a-vfprintf.o)
 .bss           0x0000a9cc        0x0 d:/altera/test/13.0sp1/nios2eds/bin/gnu/h-i686-mingw32/bin/../lib/gcc/nios2-elf/4.1.2/../../../../nios2-elf/lib/mno-hw-mul\libsmallc.a(lib_a-fvwrite_small_dev.o)
 .bss           0x0000a9cc        0x0 d:/altera/test/13.0sp1/nios2eds/bin/gnu/h-i686-mingw32/bin/../lib/gcc/nios2-elf/4.1.2/../../../../nios2-elf/lib/mno-hw-mul\libsmallc.a(lib_a-impure.o)
 .bss           0x0000a9cc        0x0 d:/altera/test/13.0sp1/nios2eds/bin/gnu/h-i686-mingw32/bin/../lib/gcc/nios2-elf/4.1.2/../../../../nios2-elf/lib/mno-hw-mul\libsmallc.a(lib_a-writer.o)
 .bss           0x0000a9cc        0x0 d:/altera/test/13.0sp1/nios2eds/bin/gnu/h-i686-mingw32/bin/../lib/gcc/nios2-elf/4.1.2/../../../../nios2-elf/lib/mno-hw-mul\libsmallc.a(lib_a-int_errno.o)
 .bss           0x0000a9cc        0x0 d:/altera/test/13.0sp1/nios2eds/bin/gnu/h-i686-mingw32/bin/../lib/gcc/nios2-elf/4.1.2/mno-hw-mul\libgcc.a(lib2-divmod.o)
 .bss           0x0000a9cc        0x0 d:/altera/test/13.0sp1/nios2eds/bin/gnu/h-i686-mingw32/bin/../lib/gcc/nios2-elf/4.1.2/mno-hw-mul\libgcc.a(lib2-mul.o)
 .bss           0x0000a9cc        0x0 ../helloAES_bsp/\libhal_bsp.a(alt_load.o)
 .bss           0x0000a9cc        0x0 ../helloAES_bsp/\libhal_bsp.a(alt_main.o)
 .bss           0x0000a9cc        0x0 ../helloAES_bsp/\libhal_bsp.a(alt_write.o)
 .bss           0x0000a9cc        0x0 ../helloAES_bsp/\libhal_bsp.a(alt_sys_init.o)
 .bss           0x0000a9cc        0x0 ../helloAES_bsp/\libhal_bsp.a(altera_avalon_jtag_uart_fd.o)
 .bss           0x0000a9cc        0x0 ../helloAES_bsp/\libhal_bsp.a(altera_avalon_jtag_uart_read.o)
 .bss           0x0000a9cc        0x0 ../helloAES_bsp/\libhal_bsp.a(altera_avalon_jtag_uart_write.o)
 .bss           0x0000a9cc        0x0 ../helloAES_bsp/\libhal_bsp.a(alt_close.o)
 .bss           0x0000a9cc        0x0 ../helloAES_bsp/\libhal_bsp.a(alt_dcache_flush_all.o)
 .bss           0x0000a9cc        0x0 ../helloAES_bsp/\libhal_bsp.a(alt_dev.o)
 .bss           0x0000a9cc        0x0 ../helloAES_bsp/\libhal_bsp.a(alt_dev_llist_insert.o)
 .bss           0x0000a9cc        0x0 ../helloAES_bsp/\libhal_bsp.a(alt_do_ctors.o)
 .bss           0x0000a9cc        0x0 ../helloAES_bsp/\libhal_bsp.a(alt_do_dtors.o)
 .bss           0x0000a9cc        0x0 ../helloAES_bsp/\libhal_bsp.a(alt_errno.o)
 .bss           0x0000a9cc        0x0 ../helloAES_bsp/\libhal_bsp.a(alt_icache_flush_all.o)
 .bss           0x0000a9cc        0x0 ../helloAES_bsp/\libhal_bsp.a(alt_io_redirect.o)
 .bss           0x0000a9cc        0x0 ../helloAES_bsp/\libhal_bsp.a(alt_open.o)
 .bss           0x0000a9cc        0x0 ../helloAES_bsp/\libhal_bsp.a(alt_release_fd.o)
 .bss           0x0000a9cc        0x0 ../helloAES_bsp/\libhal_bsp.a(altera_nios2_qsys_irq.o)
 .bss           0x0000a9cc        0x0 ../helloAES_bsp/\libhal_bsp.a(alt_find_dev.o)
 .bss           0x0000a9cc        0x0 ../helloAES_bsp/\libhal_bsp.a(alt_find_file.o)
 .bss           0x0000a9cc        0x0 ../helloAES_bsp/\libhal_bsp.a(alt_get_fd.o)
 .bss           0x0000a9cc        0x0 d:/altera/test/13.0sp1/nios2eds/bin/gnu/h-i686-mingw32/bin/../lib/gcc/nios2-elf/4.1.2/../../../../nios2-elf/lib/mno-hw-mul\libsmallc.a(lib_a-atexit.o)
 .bss           0x0000a9cc        0x0 d:/altera/test/13.0sp1/nios2eds/bin/gnu/h-i686-mingw32/bin/../lib/gcc/nios2-elf/4.1.2/../../../../nios2-elf/lib/mno-hw-mul\libsmallc.a(lib_a-exit.o)
 .bss           0x0000a9cc        0x0 d:/altera/test/13.0sp1/nios2eds/bin/gnu/h-i686-mingw32/bin/../lib/gcc/nios2-elf/4.1.2/../../../../nios2-elf/lib/mno-hw-mul\libsmallc.a(lib_a-memcmp.o)
 .bss           0x0000a9cc        0x0 d:/altera/test/13.0sp1/nios2eds/bin/gnu/h-i686-mingw32/bin/../lib/gcc/nios2-elf/4.1.2/../../../../nios2-elf/lib/mno-hw-mul\libsmallc.a(lib_a-__atexit.o)
 .bss           0x0000a9cc        0x0 d:/altera/test/13.0sp1/nios2eds/bin/gnu/h-i686-mingw32/bin/../lib/gcc/nios2-elf/4.1.2/../../../../nios2-elf/lib/mno-hw-mul\libsmallc.a(lib_a-__call_atexit.o)
 .bss           0x0000a9cc        0x0 ../helloAES_bsp/\libhal_bsp.a(alt_exit.o)
 *(COMMON)
 COMMON         0x0000a9cc       0x8c d:/altera/test/13.0sp1/nios2eds/bin/gnu/h-i686-mingw32/bin/../lib/gcc/nios2-elf/4.1.2/../../../../nios2-elf/lib/mno-hw-mul\libsmallc.a(lib_a-atexit.o)
                0x0000a9cc                _atexit0
                0x0000aa58                . = ALIGN (0x4)
                0x0000aa58                __bss_end = ABSOLUTE (.)

.onchip_memory2_0
                0x0000aa58        0x0
                0x0000aa58                PROVIDE (_alt_partition_onchip_memory2_0_start, ABSOLUTE (.))
 *(.onchip_memory2_0. onchip_memory2_0.*)
                0x0000aa58                . = ALIGN (0x4)
                0x0000aa58                PROVIDE (_alt_partition_onchip_memory2_0_end, ABSOLUTE (.))
                0x0000aa58                _end = ABSOLUTE (.)
                0x0000aa58                end = ABSOLUTE (.)
                0x0000aa58                __alt_stack_base = ABSOLUTE (.)
                0x0000aa58                PROVIDE (_alt_partition_onchip_memory2_0_load_addr, LOADADDR (.onchip_memory2_0))

.stab
 *(.stab)

.stabstr
 *(.stabstr)

.stab.excl
 *(.stab.excl)

.stab.exclstr
 *(.stab.exclstr)

.stab.index
 *(.stab.index)

.stab.indexstr
 *(.stab.indexstr)

.comment        0x00000000       0x26
 *(.comment)
 .comment       0x00000000       0x26 obj/default/source.o
                                 0x27 (size before relaxing)
 .comment       0x00000000       0x27 d:/altera/test/13.0sp1/nios2eds/bin/gnu/h-i686-mingw32/bin/../lib/gcc/nios2-elf/4.1.2/../../../../nios2-elf/lib/mno-hw-mul\libsmallc.a(lib_a-printf.o)
 .comment       0x00000000       0x27 d:/altera/test/13.0sp1/nios2eds/bin/gnu/h-i686-mingw32/bin/../lib/gcc/nios2-elf/4.1.2/../../../../nios2-elf/lib/mno-hw-mul\libsmallc.a(lib_a-puts.o)
 .comment       0x00000000       0x27 d:/altera/test/13.0sp1/nios2eds/bin/gnu/h-i686-mingw32/bin/../lib/gcc/nios2-elf/4.1.2/../../../../nios2-elf/lib/mno-hw-mul\libsmallc.a(lib_a-strlen.o)
 .comment       0x00000000       0x27 d:/altera/test/13.0sp1/nios2eds/bin/gnu/h-i686-mingw32/bin/../lib/gcc/nios2-elf/4.1.2/../../../../nios2-elf/lib/mno-hw-mul\libsmallc.a(lib_a-vfprintf.o)
 .comment       0x00000000       0x27 d:/altera/test/13.0sp1/nios2eds/bin/gnu/h-i686-mingw32/bin/../lib/gcc/nios2-elf/4.1.2/../../../../nios2-elf/lib/mno-hw-mul\libsmallc.a(lib_a-fvwrite_small_dev.o)
 .comment       0x00000000       0x27 d:/altera/test/13.0sp1/nios2eds/bin/gnu/h-i686-mingw32/bin/../lib/gcc/nios2-elf/4.1.2/../../../../nios2-elf/lib/mno-hw-mul\libsmallc.a(lib_a-impure.o)
 .comment       0x00000000       0x27 d:/altera/test/13.0sp1/nios2eds/bin/gnu/h-i686-mingw32/bin/../lib/gcc/nios2-elf/4.1.2/../../../../nios2-elf/lib/mno-hw-mul\libsmallc.a(lib_a-writer.o)
 .comment       0x00000000       0x27 d:/altera/test/13.0sp1/nios2eds/bin/gnu/h-i686-mingw32/bin/../lib/gcc/nios2-elf/4.1.2/../../../../nios2-elf/lib/mno-hw-mul\libsmallc.a(lib_a-int_errno.o)
 .comment       0x00000000       0x27 d:/altera/test/13.0sp1/nios2eds/bin/gnu/h-i686-mingw32/bin/../lib/gcc/nios2-elf/4.1.2/mno-hw-mul\libgcc.a(lib2-divmod.o)
 .comment       0x00000000       0x27 d:/altera/test/13.0sp1/nios2eds/bin/gnu/h-i686-mingw32/bin/../lib/gcc/nios2-elf/4.1.2/mno-hw-mul\libgcc.a(lib2-mul.o)
 .comment       0x00000000       0x27 ../helloAES_bsp/\libhal_bsp.a(alt_load.o)
 .comment       0x00000000       0x27 ../helloAES_bsp/\libhal_bsp.a(alt_main.o)
 .comment       0x00000000       0x27 ../helloAES_bsp/\libhal_bsp.a(alt_write.o)
 .comment       0x00000000       0x27 ../helloAES_bsp/\libhal_bsp.a(alt_sys_init.o)
 .comment       0x00000000       0x27 ../helloAES_bsp/\libhal_bsp.a(altera_avalon_jtag_uart_fd.o)
 .comment       0x00000000       0x27 ../helloAES_bsp/\libhal_bsp.a(altera_avalon_jtag_uart_read.o)
 .comment       0x00000000       0x27 ../helloAES_bsp/\libhal_bsp.a(altera_avalon_jtag_uart_write.o)
 .comment       0x00000000       0x27 ../helloAES_bsp/\libhal_bsp.a(alt_close.o)
 .comment       0x00000000       0x27 ../helloAES_bsp/\libhal_bsp.a(alt_dcache_flush_all.o)
 .comment       0x00000000       0x27 ../helloAES_bsp/\libhal_bsp.a(alt_dev.o)
 .comment       0x00000000       0x27 ../helloAES_bsp/\libhal_bsp.a(alt_dev_llist_insert.o)
 .comment       0x00000000       0x27 ../helloAES_bsp/\libhal_bsp.a(alt_do_ctors.o)
 .comment       0x00000000       0x27 ../helloAES_bsp/\libhal_bsp.a(alt_do_dtors.o)
 .comment       0x00000000       0x27 ../helloAES_bsp/\libhal_bsp.a(alt_errno.o)
 .comment       0x00000000       0x27 ../helloAES_bsp/\libhal_bsp.a(alt_icache_flush_all.o)
 .comment       0x00000000       0x27 ../helloAES_bsp/\libhal_bsp.a(alt_io_redirect.o)
 .comment       0x00000000       0x27 ../helloAES_bsp/\libhal_bsp.a(alt_open.o)
 .comment       0x00000000       0x27 ../helloAES_bsp/\libhal_bsp.a(alt_release_fd.o)
 .comment       0x00000000       0x27 ../helloAES_bsp/\libhal_bsp.a(altera_nios2_qsys_irq.o)
 .comment       0x00000000       0x27 ../helloAES_bsp/\libhal_bsp.a(alt_find_dev.o)
 .comment       0x00000000       0x27 ../helloAES_bsp/\libhal_bsp.a(alt_find_file.o)
 .comment       0x00000000       0x27 ../helloAES_bsp/\libhal_bsp.a(alt_get_fd.o)
 .comment       0x00000000       0x27 d:/altera/test/13.0sp1/nios2eds/bin/gnu/h-i686-mingw32/bin/../lib/gcc/nios2-elf/4.1.2/../../../../nios2-elf/lib/mno-hw-mul\libsmallc.a(lib_a-atexit.o)
 .comment       0x00000000       0x27 d:/altera/test/13.0sp1/nios2eds/bin/gnu/h-i686-mingw32/bin/../lib/gcc/nios2-elf/4.1.2/../../../../nios2-elf/lib/mno-hw-mul\libsmallc.a(lib_a-exit.o)
 .comment       0x00000000       0x27 d:/altera/test/13.0sp1/nios2eds/bin/gnu/h-i686-mingw32/bin/../lib/gcc/nios2-elf/4.1.2/../../../../nios2-elf/lib/mno-hw-mul\libsmallc.a(lib_a-memcmp.o)
 .comment       0x00000000       0x27 d:/altera/test/13.0sp1/nios2eds/bin/gnu/h-i686-mingw32/bin/../lib/gcc/nios2-elf/4.1.2/../../../../nios2-elf/lib/mno-hw-mul\libsmallc.a(lib_a-__atexit.o)
 .comment       0x00000000       0x27 d:/altera/test/13.0sp1/nios2eds/bin/gnu/h-i686-mingw32/bin/../lib/gcc/nios2-elf/4.1.2/../../../../nios2-elf/lib/mno-hw-mul\libsmallc.a(lib_a-__call_atexit.o)
 .comment       0x00000000       0x27 ../helloAES_bsp/\libhal_bsp.a(alt_exit.o)

.debug
 *(.debug)

.line
 *(.line)

.debug_srcinfo
 *(.debug_srcinfo)

.debug_sfnames
 *(.debug_sfnames)

.debug_aranges  0x00000000      0x4a8
 *(.debug_aranges)
 .debug_aranges
                0x00000000       0x28 ../helloAES_bsp//obj/HAL/src/crt0.o
 .debug_aranges
                0x00000028       0x20 obj/default/source.o
 .debug_aranges
                0x00000048       0x20 d:/altera/test/13.0sp1/nios2eds/bin/gnu/h-i686-mingw32/bin/../lib/gcc/nios2-elf/4.1.2/../../../../nios2-elf/lib/mno-hw-mul\libsmallc.a(lib_a-printf.o)
 .debug_aranges
                0x00000068       0x20 d:/altera/test/13.0sp1/nios2eds/bin/gnu/h-i686-mingw32/bin/../lib/gcc/nios2-elf/4.1.2/../../../../nios2-elf/lib/mno-hw-mul\libsmallc.a(lib_a-puts.o)
 .debug_aranges
                0x00000088       0x20 d:/altera/test/13.0sp1/nios2eds/bin/gnu/h-i686-mingw32/bin/../lib/gcc/nios2-elf/4.1.2/../../../../nios2-elf/lib/mno-hw-mul\libsmallc.a(lib_a-strlen.o)
 .debug_aranges
                0x000000a8       0x20 d:/altera/test/13.0sp1/nios2eds/bin/gnu/h-i686-mingw32/bin/../lib/gcc/nios2-elf/4.1.2/../../../../nios2-elf/lib/mno-hw-mul\libsmallc.a(lib_a-vfprintf.o)
 .debug_aranges
                0x000000c8       0x20 d:/altera/test/13.0sp1/nios2eds/bin/gnu/h-i686-mingw32/bin/../lib/gcc/nios2-elf/4.1.2/../../../../nios2-elf/lib/mno-hw-mul\libsmallc.a(lib_a-fvwrite_small_dev.o)
 .debug_aranges
                0x000000e8       0x20 d:/altera/test/13.0sp1/nios2eds/bin/gnu/h-i686-mingw32/bin/../lib/gcc/nios2-elf/4.1.2/../../../../nios2-elf/lib/mno-hw-mul\libsmallc.a(lib_a-writer.o)
 .debug_aranges
                0x00000108       0x20 d:/altera/test/13.0sp1/nios2eds/bin/gnu/h-i686-mingw32/bin/../lib/gcc/nios2-elf/4.1.2/mno-hw-mul\libgcc.a(lib2-divmod.o)
 .debug_aranges
                0x00000128       0x20 d:/altera/test/13.0sp1/nios2eds/bin/gnu/h-i686-mingw32/bin/../lib/gcc/nios2-elf/4.1.2/mno-hw-mul\libgcc.a(lib2-mul.o)
 .debug_aranges
                0x00000148       0x20 ../helloAES_bsp/\libhal_bsp.a(alt_load.o)
 .debug_aranges
                0x00000168       0x20 ../helloAES_bsp/\libhal_bsp.a(alt_main.o)
 .debug_aranges
                0x00000188       0x20 ../helloAES_bsp/\libhal_bsp.a(alt_write.o)
 .debug_aranges
                0x000001a8       0x20 ../helloAES_bsp/\libhal_bsp.a(alt_sys_init.o)
 .debug_aranges
                0x000001c8       0x20 ../helloAES_bsp/\libhal_bsp.a(altera_avalon_jtag_uart_fd.o)
 .debug_aranges
                0x000001e8       0x20 ../helloAES_bsp/\libhal_bsp.a(altera_avalon_jtag_uart_read.o)
 .debug_aranges
                0x00000208       0x20 ../helloAES_bsp/\libhal_bsp.a(altera_avalon_jtag_uart_write.o)
 .debug_aranges
                0x00000228       0x20 ../helloAES_bsp/\libhal_bsp.a(alt_close.o)
 .debug_aranges
                0x00000248       0x20 ../helloAES_bsp/\libhal_bsp.a(alt_dcache_flush_all.o)
 .debug_aranges
                0x00000268       0x20 ../helloAES_bsp/\libhal_bsp.a(alt_dev.o)
 .debug_aranges
                0x00000288       0x20 ../helloAES_bsp/\libhal_bsp.a(alt_dev_llist_insert.o)
 .debug_aranges
                0x000002a8       0x20 ../helloAES_bsp/\libhal_bsp.a(alt_do_ctors.o)
 .debug_aranges
                0x000002c8       0x20 ../helloAES_bsp/\libhal_bsp.a(alt_do_dtors.o)
 .debug_aranges
                0x000002e8       0x20 ../helloAES_bsp/\libhal_bsp.a(alt_icache_flush_all.o)
 .debug_aranges
                0x00000308       0x20 ../helloAES_bsp/\libhal_bsp.a(alt_io_redirect.o)
 .debug_aranges
                0x00000328       0x20 ../helloAES_bsp/\libhal_bsp.a(alt_open.o)
 .debug_aranges
                0x00000348       0x20 ../helloAES_bsp/\libhal_bsp.a(alt_release_fd.o)
 .debug_aranges
                0x00000368       0x20 ../helloAES_bsp/\libhal_bsp.a(altera_nios2_qsys_irq.o)
 .debug_aranges
                0x00000388       0x20 ../helloAES_bsp/\libhal_bsp.a(alt_find_dev.o)
 .debug_aranges
                0x000003a8       0x20 ../helloAES_bsp/\libhal_bsp.a(alt_find_file.o)
 .debug_aranges
                0x000003c8       0x20 ../helloAES_bsp/\libhal_bsp.a(alt_get_fd.o)
 .debug_aranges
                0x000003e8       0x20 d:/altera/test/13.0sp1/nios2eds/bin/gnu/h-i686-mingw32/bin/../lib/gcc/nios2-elf/4.1.2/../../../../nios2-elf/lib/mno-hw-mul\libsmallc.a(lib_a-atexit.o)
 .debug_aranges
                0x00000408       0x20 d:/altera/test/13.0sp1/nios2eds/bin/gnu/h-i686-mingw32/bin/../lib/gcc/nios2-elf/4.1.2/../../../../nios2-elf/lib/mno-hw-mul\libsmallc.a(lib_a-exit.o)
 .debug_aranges
                0x00000428       0x20 d:/altera/test/13.0sp1/nios2eds/bin/gnu/h-i686-mingw32/bin/../lib/gcc/nios2-elf/4.1.2/../../../../nios2-elf/lib/mno-hw-mul\libsmallc.a(lib_a-memcmp.o)
 .debug_aranges
                0x00000448       0x20 d:/altera/test/13.0sp1/nios2eds/bin/gnu/h-i686-mingw32/bin/../lib/gcc/nios2-elf/4.1.2/../../../../nios2-elf/lib/mno-hw-mul\libsmallc.a(lib_a-__atexit.o)
 .debug_aranges
                0x00000468       0x20 d:/altera/test/13.0sp1/nios2eds/bin/gnu/h-i686-mingw32/bin/../lib/gcc/nios2-elf/4.1.2/../../../../nios2-elf/lib/mno-hw-mul\libsmallc.a(lib_a-__call_atexit.o)
 .debug_aranges
                0x00000488       0x20 ../helloAES_bsp/\libhal_bsp.a(alt_exit.o)

.debug_pubnames
                0x00000000      0x67a
 *(.debug_pubnames)
 .debug_pubnames
                0x00000000       0x1b obj/default/source.o
 .debug_pubnames
                0x0000001b       0x2b d:/altera/test/13.0sp1/nios2eds/bin/gnu/h-i686-mingw32/bin/../lib/gcc/nios2-elf/4.1.2/../../../../nios2-elf/lib/mno-hw-mul\libsmallc.a(lib_a-printf.o)
 .debug_pubnames
                0x00000046       0x27 d:/altera/test/13.0sp1/nios2eds/bin/gnu/h-i686-mingw32/bin/../lib/gcc/nios2-elf/4.1.2/../../../../nios2-elf/lib/mno-hw-mul\libsmallc.a(lib_a-puts.o)
 .debug_pubnames
                0x0000006d       0x1d d:/altera/test/13.0sp1/nios2eds/bin/gnu/h-i686-mingw32/bin/../lib/gcc/nios2-elf/4.1.2/../../../../nios2-elf/lib/mno-hw-mul\libsmallc.a(lib_a-strlen.o)
 .debug_pubnames
                0x0000008a       0x45 d:/altera/test/13.0sp1/nios2eds/bin/gnu/h-i686-mingw32/bin/../lib/gcc/nios2-elf/4.1.2/../../../../nios2-elf/lib/mno-hw-mul\libsmallc.a(lib_a-vfprintf.o)
 .debug_pubnames
                0x000000cf       0x2b d:/altera/test/13.0sp1/nios2eds/bin/gnu/h-i686-mingw32/bin/../lib/gcc/nios2-elf/4.1.2/../../../../nios2-elf/lib/mno-hw-mul\libsmallc.a(lib_a-fvwrite_small_dev.o)
 .debug_pubnames
                0x000000fa       0x39 d:/altera/test/13.0sp1/nios2eds/bin/gnu/h-i686-mingw32/bin/../lib/gcc/nios2-elf/4.1.2/../../../../nios2-elf/lib/mno-hw-mul\libsmallc.a(lib_a-impure.o)
 .debug_pubnames
                0x00000133       0x1f d:/altera/test/13.0sp1/nios2eds/bin/gnu/h-i686-mingw32/bin/../lib/gcc/nios2-elf/4.1.2/../../../../nios2-elf/lib/mno-hw-mul\libsmallc.a(lib_a-writer.o)
 .debug_pubnames
                0x00000152       0x1c d:/altera/test/13.0sp1/nios2eds/bin/gnu/h-i686-mingw32/bin/../lib/gcc/nios2-elf/4.1.2/../../../../nios2-elf/lib/mno-hw-mul\libsmallc.a(lib_a-int_errno.o)
 .debug_pubnames
                0x0000016e       0x48 d:/altera/test/13.0sp1/nios2eds/bin/gnu/h-i686-mingw32/bin/../lib/gcc/nios2-elf/4.1.2/mno-hw-mul\libgcc.a(lib2-divmod.o)
 .debug_pubnames
                0x000001b6       0x1f d:/altera/test/13.0sp1/nios2eds/bin/gnu/h-i686-mingw32/bin/../lib/gcc/nios2-elf/4.1.2/mno-hw-mul\libgcc.a(lib2-mul.o)
 .debug_pubnames
                0x000001d5       0x1f ../helloAES_bsp/\libhal_bsp.a(alt_load.o)
 .debug_pubnames
                0x000001f4       0x46 ../helloAES_bsp/\libhal_bsp.a(alt_main.o)
 .debug_pubnames
                0x0000023a       0x1c ../helloAES_bsp/\libhal_bsp.a(alt_write.o)
 .debug_pubnames
                0x00000256       0x34 ../helloAES_bsp/\libhal_bsp.a(alt_sys_init.o)
 .debug_pubnames
                0x0000028a       0x5b ../helloAES_bsp/\libhal_bsp.a(altera_avalon_jtag_uart_fd.o)
 .debug_pubnames
                0x000002e5       0x33 ../helloAES_bsp/\libhal_bsp.a(altera_avalon_jtag_uart_read.o)
 .debug_pubnames
                0x00000318       0x34 ../helloAES_bsp/\libhal_bsp.a(altera_avalon_jtag_uart_write.o)
 .debug_pubnames
                0x0000034c       0x1c ../helloAES_bsp/\libhal_bsp.a(alt_close.o)
 .debug_pubnames
                0x00000368       0x2b ../helloAES_bsp/\libhal_bsp.a(alt_dcache_flush_all.o)
 .debug_pubnames
                0x00000393       0x63 ../helloAES_bsp/\libhal_bsp.a(alt_dev.o)
 .debug_pubnames
                0x000003f6       0x2b ../helloAES_bsp/\libhal_bsp.a(alt_dev_llist_insert.o)
 .debug_pubnames
                0x00000421       0x20 ../helloAES_bsp/\libhal_bsp.a(alt_do_ctors.o)
 .debug_pubnames
                0x00000441       0x20 ../helloAES_bsp/\libhal_bsp.a(alt_do_dtors.o)
 .debug_pubnames
                0x00000461       0x20 ../helloAES_bsp/\libhal_bsp.a(alt_errno.o)
 .debug_pubnames
                0x00000481       0x2b ../helloAES_bsp/\libhal_bsp.a(alt_icache_flush_all.o)
 .debug_pubnames
                0x000004ac       0x26 ../helloAES_bsp/\libhal_bsp.a(alt_io_redirect.o)
 .debug_pubnames
                0x000004d2       0x1b ../helloAES_bsp/\libhal_bsp.a(alt_open.o)
 .debug_pubnames
                0x000004ed       0x25 ../helloAES_bsp/\libhal_bsp.a(alt_release_fd.o)
 .debug_pubnames
                0x00000512       0x31 ../helloAES_bsp/\libhal_bsp.a(altera_nios2_qsys_irq.o)
 .debug_pubnames
                0x00000543       0x23 ../helloAES_bsp/\libhal_bsp.a(alt_find_dev.o)
 .debug_pubnames
                0x00000566       0x24 ../helloAES_bsp/\libhal_bsp.a(alt_find_file.o)
 .debug_pubnames
                0x0000058a       0x21 ../helloAES_bsp/\libhal_bsp.a(alt_get_fd.o)
 .debug_pubnames
                0x000005ab       0x2a d:/altera/test/13.0sp1/nios2eds/bin/gnu/h-i686-mingw32/bin/../lib/gcc/nios2-elf/4.1.2/../../../../nios2-elf/lib/mno-hw-mul\libsmallc.a(lib_a-atexit.o)
 .debug_pubnames
                0x000005d5       0x1b d:/altera/test/13.0sp1/nios2eds/bin/gnu/h-i686-mingw32/bin/../lib/gcc/nios2-elf/4.1.2/../../../../nios2-elf/lib/mno-hw-mul\libsmallc.a(lib_a-exit.o)
 .debug_pubnames
                0x000005f0       0x1d d:/altera/test/13.0sp1/nios2eds/bin/gnu/h-i686-mingw32/bin/../lib/gcc/nios2-elf/4.1.2/../../../../nios2-elf/lib/mno-hw-mul\libsmallc.a(lib_a-memcmp.o)
 .debug_pubnames
                0x0000060d       0x2a d:/altera/test/13.0sp1/nios2eds/bin/gnu/h-i686-mingw32/bin/../lib/gcc/nios2-elf/4.1.2/../../../../nios2-elf/lib/mno-hw-mul\libsmallc.a(lib_a-__atexit.o)
 .debug_pubnames
                0x00000637       0x27 d:/altera/test/13.0sp1/nios2eds/bin/gnu/h-i686-mingw32/bin/../lib/gcc/nios2-elf/4.1.2/../../../../nios2-elf/lib/mno-hw-mul\libsmallc.a(lib_a-__call_atexit.o)
 .debug_pubnames
                0x0000065e       0x1c ../helloAES_bsp/\libhal_bsp.a(alt_exit.o)

.debug_info     0x00000000     0x9bf3
 *(.debug_info .gnu.linkonce.wi.*)
 .debug_info    0x00000000       0xef ../helloAES_bsp//obj/HAL/src/crt0.o
 .debug_info    0x000000ef      0x201 obj/default/source.o
 .debug_info    0x000002f0      0x6c8 d:/altera/test/13.0sp1/nios2eds/bin/gnu/h-i686-mingw32/bin/../lib/gcc/nios2-elf/4.1.2/../../../../nios2-elf/lib/mno-hw-mul\libsmallc.a(lib_a-printf.o)
 .debug_info    0x000009b8      0x685 d:/altera/test/13.0sp1/nios2eds/bin/gnu/h-i686-mingw32/bin/../lib/gcc/nios2-elf/4.1.2/../../../../nios2-elf/lib/mno-hw-mul\libsmallc.a(lib_a-puts.o)
 .debug_info    0x0000103d       0xc2 d:/altera/test/13.0sp1/nios2eds/bin/gnu/h-i686-mingw32/bin/../lib/gcc/nios2-elf/4.1.2/../../../../nios2-elf/lib/mno-hw-mul\libsmallc.a(lib_a-strlen.o)
 .debug_info    0x000010ff      0x9b6 d:/altera/test/13.0sp1/nios2eds/bin/gnu/h-i686-mingw32/bin/../lib/gcc/nios2-elf/4.1.2/../../../../nios2-elf/lib/mno-hw-mul\libsmallc.a(lib_a-vfprintf.o)
 .debug_info    0x00001ab5      0x68e d:/altera/test/13.0sp1/nios2eds/bin/gnu/h-i686-mingw32/bin/../lib/gcc/nios2-elf/4.1.2/../../../../nios2-elf/lib/mno-hw-mul\libsmallc.a(lib_a-fvwrite_small_dev.o)
 .debug_info    0x00002143      0x636 d:/altera/test/13.0sp1/nios2eds/bin/gnu/h-i686-mingw32/bin/../lib/gcc/nios2-elf/4.1.2/../../../../nios2-elf/lib/mno-hw-mul\libsmallc.a(lib_a-impure.o)
 .debug_info    0x00002779      0x68c d:/altera/test/13.0sp1/nios2eds/bin/gnu/h-i686-mingw32/bin/../lib/gcc/nios2-elf/4.1.2/../../../../nios2-elf/lib/mno-hw-mul\libsmallc.a(lib_a-writer.o)
 .debug_info    0x00002e05       0x8c d:/altera/test/13.0sp1/nios2eds/bin/gnu/h-i686-mingw32/bin/../lib/gcc/nios2-elf/4.1.2/../../../../nios2-elf/lib/mno-hw-mul\libsmallc.a(lib_a-int_errno.o)
 .debug_info    0x00002e91      0x21c d:/altera/test/13.0sp1/nios2eds/bin/gnu/h-i686-mingw32/bin/../lib/gcc/nios2-elf/4.1.2/mno-hw-mul\libgcc.a(lib2-divmod.o)
 .debug_info    0x000030ad       0xf3 d:/altera/test/13.0sp1/nios2eds/bin/gnu/h-i686-mingw32/bin/../lib/gcc/nios2-elf/4.1.2/mno-hw-mul\libgcc.a(lib2-mul.o)
 .debug_info    0x000031a0      0x301 ../helloAES_bsp/\libhal_bsp.a(alt_load.o)
 .debug_info    0x000034a1      0x299 ../helloAES_bsp/\libhal_bsp.a(alt_main.o)
 .debug_info    0x0000373a      0x707 ../helloAES_bsp/\libhal_bsp.a(alt_write.o)
 .debug_info    0x00003e41      0x5ed ../helloAES_bsp/\libhal_bsp.a(alt_sys_init.o)
 .debug_info    0x0000442e      0x62d ../helloAES_bsp/\libhal_bsp.a(altera_avalon_jtag_uart_fd.o)
 .debug_info    0x00004a5b      0x37d ../helloAES_bsp/\libhal_bsp.a(altera_avalon_jtag_uart_read.o)
 .debug_info    0x00004dd8      0x35a ../helloAES_bsp/\libhal_bsp.a(altera_avalon_jtag_uart_write.o)
 .debug_info    0x00005132      0x4db ../helloAES_bsp/\libhal_bsp.a(alt_close.o)
 .debug_info    0x0000560d      0x1d0 ../helloAES_bsp/\libhal_bsp.a(alt_dcache_flush_all.o)
 .debug_info    0x000057dd      0x6f3 ../helloAES_bsp/\libhal_bsp.a(alt_dev.o)
 .debug_info    0x00005ed0      0x32b ../helloAES_bsp/\libhal_bsp.a(alt_dev_llist_insert.o)
 .debug_info    0x000061fb      0x183 ../helloAES_bsp/\libhal_bsp.a(alt_do_ctors.o)
 .debug_info    0x0000637e      0x182 ../helloAES_bsp/\libhal_bsp.a(alt_do_dtors.o)
 .debug_info    0x00006500      0x1d8 ../helloAES_bsp/\libhal_bsp.a(alt_errno.o)
 .debug_info    0x000066d8      0x1d0 ../helloAES_bsp/\libhal_bsp.a(alt_icache_flush_all.o)
 .debug_info    0x000068a8      0x709 ../helloAES_bsp/\libhal_bsp.a(alt_io_redirect.o)
 .debug_info    0x00006fb1      0x599 ../helloAES_bsp/\libhal_bsp.a(alt_open.o)
 .debug_info    0x0000754a      0x466 ../helloAES_bsp/\libhal_bsp.a(alt_release_fd.o)
 .debug_info    0x000079b0      0x1d7 ../helloAES_bsp/\libhal_bsp.a(altera_nios2_qsys_irq.o)
 .debug_info    0x00007b87      0x48c ../helloAES_bsp/\libhal_bsp.a(alt_find_dev.o)
 .debug_info    0x00008013      0x493 ../helloAES_bsp/\libhal_bsp.a(alt_find_file.o)
 .debug_info    0x000084a6      0x4d4 ../helloAES_bsp/\libhal_bsp.a(alt_get_fd.o)
 .debug_info    0x0000897a      0x186 d:/altera/test/13.0sp1/nios2eds/bin/gnu/h-i686-mingw32/bin/../lib/gcc/nios2-elf/4.1.2/../../../../nios2-elf/lib/mno-hw-mul\libsmallc.a(lib_a-atexit.o)
 .debug_info    0x00008b00       0x9f d:/altera/test/13.0sp1/nios2eds/bin/gnu/h-i686-mingw32/bin/../lib/gcc/nios2-elf/4.1.2/../../../../nios2-elf/lib/mno-hw-mul\libsmallc.a(lib_a-exit.o)
 .debug_info    0x00008b9f       0xef d:/altera/test/13.0sp1/nios2eds/bin/gnu/h-i686-mingw32/bin/../lib/gcc/nios2-elf/4.1.2/../../../../nios2-elf/lib/mno-hw-mul\libsmallc.a(lib_a-memcmp.o)
 .debug_info    0x00008c8e      0x68f d:/altera/test/13.0sp1/nios2eds/bin/gnu/h-i686-mingw32/bin/../lib/gcc/nios2-elf/4.1.2/../../../../nios2-elf/lib/mno-hw-mul\libsmallc.a(lib_a-__atexit.o)
 .debug_info    0x0000931d      0x6d5 d:/altera/test/13.0sp1/nios2eds/bin/gnu/h-i686-mingw32/bin/../lib/gcc/nios2-elf/4.1.2/../../../../nios2-elf/lib/mno-hw-mul\libsmallc.a(lib_a-__call_atexit.o)
 .debug_info    0x000099f2      0x201 ../helloAES_bsp/\libhal_bsp.a(alt_exit.o)

.debug_abbrev   0x00000000     0x211f
 *(.debug_abbrev)
 .debug_abbrev  0x00000000       0x12 ../helloAES_bsp//obj/HAL/src/crt0.o
 .debug_abbrev  0x00000012       0x6f obj/default/source.o
 .debug_abbrev  0x00000081      0x179 d:/altera/test/13.0sp1/nios2eds/bin/gnu/h-i686-mingw32/bin/../lib/gcc/nios2-elf/4.1.2/../../../../nios2-elf/lib/mno-hw-mul\libsmallc.a(lib_a-printf.o)
 .debug_abbrev  0x000001fa      0x180 d:/altera/test/13.0sp1/nios2eds/bin/gnu/h-i686-mingw32/bin/../lib/gcc/nios2-elf/4.1.2/../../../../nios2-elf/lib/mno-hw-mul\libsmallc.a(lib_a-puts.o)
 .debug_abbrev  0x0000037a       0x7a d:/altera/test/13.0sp1/nios2eds/bin/gnu/h-i686-mingw32/bin/../lib/gcc/nios2-elf/4.1.2/../../../../nios2-elf/lib/mno-hw-mul\libsmallc.a(lib_a-strlen.o)
 .debug_abbrev  0x000003f4      0x263 d:/altera/test/13.0sp1/nios2eds/bin/gnu/h-i686-mingw32/bin/../lib/gcc/nios2-elf/4.1.2/../../../../nios2-elf/lib/mno-hw-mul\libsmallc.a(lib_a-vfprintf.o)
 .debug_abbrev  0x00000657      0x179 d:/altera/test/13.0sp1/nios2eds/bin/gnu/h-i686-mingw32/bin/../lib/gcc/nios2-elf/4.1.2/../../../../nios2-elf/lib/mno-hw-mul\libsmallc.a(lib_a-fvwrite_small_dev.o)
 .debug_abbrev  0x000007d0      0x13f d:/altera/test/13.0sp1/nios2eds/bin/gnu/h-i686-mingw32/bin/../lib/gcc/nios2-elf/4.1.2/../../../../nios2-elf/lib/mno-hw-mul\libsmallc.a(lib_a-impure.o)
 .debug_abbrev  0x0000090f      0x16c d:/altera/test/13.0sp1/nios2eds/bin/gnu/h-i686-mingw32/bin/../lib/gcc/nios2-elf/4.1.2/../../../../nios2-elf/lib/mno-hw-mul\libsmallc.a(lib_a-writer.o)
 .debug_abbrev  0x00000a7b       0x3b d:/altera/test/13.0sp1/nios2eds/bin/gnu/h-i686-mingw32/bin/../lib/gcc/nios2-elf/4.1.2/../../../../nios2-elf/lib/mno-hw-mul\libsmallc.a(lib_a-int_errno.o)
 .debug_abbrev  0x00000ab6       0xe0 d:/altera/test/13.0sp1/nios2eds/bin/gnu/h-i686-mingw32/bin/../lib/gcc/nios2-elf/4.1.2/mno-hw-mul\libgcc.a(lib2-divmod.o)
 .debug_abbrev  0x00000b96       0x7b d:/altera/test/13.0sp1/nios2eds/bin/gnu/h-i686-mingw32/bin/../lib/gcc/nios2-elf/4.1.2/mno-hw-mul\libgcc.a(lib2-mul.o)
 .debug_abbrev  0x00000c11       0x88 ../helloAES_bsp/\libhal_bsp.a(alt_load.o)
 .debug_abbrev  0x00000c99       0xb7 ../helloAES_bsp/\libhal_bsp.a(alt_main.o)
 .debug_abbrev  0x00000d50      0x100 ../helloAES_bsp/\libhal_bsp.a(alt_write.o)
 .debug_abbrev  0x00000e50      0x121 ../helloAES_bsp/\libhal_bsp.a(alt_sys_init.o)
 .debug_abbrev  0x00000f71       0xcb ../helloAES_bsp/\libhal_bsp.a(altera_avalon_jtag_uart_fd.o)
 .debug_abbrev  0x0000103c       0xb6 ../helloAES_bsp/\libhal_bsp.a(altera_avalon_jtag_uart_read.o)
 .debug_abbrev  0x000010f2       0xb4 ../helloAES_bsp/\libhal_bsp.a(altera_avalon_jtag_uart_write.o)
 .debug_abbrev  0x000011a6       0xfb ../helloAES_bsp/\libhal_bsp.a(alt_close.o)
 .debug_abbrev  0x000012a1       0x3f ../helloAES_bsp/\libhal_bsp.a(alt_dcache_flush_all.o)
 .debug_abbrev  0x000012e0       0xc7 ../helloAES_bsp/\libhal_bsp.a(alt_dev.o)
 .debug_abbrev  0x000013a7       0xf6 ../helloAES_bsp/\libhal_bsp.a(alt_dev_llist_insert.o)
 .debug_abbrev  0x0000149d       0x76 ../helloAES_bsp/\libhal_bsp.a(alt_do_ctors.o)
 .debug_abbrev  0x00001513       0x76 ../helloAES_bsp/\libhal_bsp.a(alt_do_dtors.o)
 .debug_abbrev  0x00001589       0x5e ../helloAES_bsp/\libhal_bsp.a(alt_errno.o)
 .debug_abbrev  0x000015e7       0x3f ../helloAES_bsp/\libhal_bsp.a(alt_icache_flush_all.o)
 .debug_abbrev  0x00001626       0xf0 ../helloAES_bsp/\libhal_bsp.a(alt_io_redirect.o)
 .debug_abbrev  0x00001716      0x112 ../helloAES_bsp/\libhal_bsp.a(alt_open.o)
 .debug_abbrev  0x00001828       0xc1 ../helloAES_bsp/\libhal_bsp.a(alt_release_fd.o)
 .debug_abbrev  0x000018e9       0x3f ../helloAES_bsp/\libhal_bsp.a(altera_nios2_qsys_irq.o)
 .debug_abbrev  0x00001928       0xcf ../helloAES_bsp/\libhal_bsp.a(alt_find_dev.o)
 .debug_abbrev  0x000019f7       0xcf ../helloAES_bsp/\libhal_bsp.a(alt_find_file.o)
 .debug_abbrev  0x00001ac6       0xfb ../helloAES_bsp/\libhal_bsp.a(alt_get_fd.o)
 .debug_abbrev  0x00001bc1       0xc6 d:/altera/test/13.0sp1/nios2eds/bin/gnu/h-i686-mingw32/bin/../lib/gcc/nios2-elf/4.1.2/../../../../nios2-elf/lib/mno-hw-mul\libsmallc.a(lib_a-atexit.o)
 .debug_abbrev  0x00001c87       0x4e d:/altera/test/13.0sp1/nios2eds/bin/gnu/h-i686-mingw32/bin/../lib/gcc/nios2-elf/4.1.2/../../../../nios2-elf/lib/mno-hw-mul\libsmallc.a(lib_a-exit.o)
 .debug_abbrev  0x00001cd5       0x7c d:/altera/test/13.0sp1/nios2eds/bin/gnu/h-i686-mingw32/bin/../lib/gcc/nios2-elf/4.1.2/../../../../nios2-elf/lib/mno-hw-mul\libsmallc.a(lib_a-memcmp.o)
 .debug_abbrev  0x00001d51      0x196 d:/altera/test/13.0sp1/nios2eds/bin/gnu/h-i686-mingw32/bin/../lib/gcc/nios2-elf/4.1.2/../../../../nios2-elf/lib/mno-hw-mul\libsmallc.a(lib_a-__atexit.o)
 .debug_abbrev  0x00001ee7      0x1c6 d:/altera/test/13.0sp1/nios2eds/bin/gnu/h-i686-mingw32/bin/../lib/gcc/nios2-elf/4.1.2/../../../../nios2-elf/lib/mno-hw-mul\libsmallc.a(lib_a-__call_atexit.o)
 .debug_abbrev  0x000020ad       0x72 ../helloAES_bsp/\libhal_bsp.a(alt_exit.o)

.debug_line     0x00000000     0x5e10
 *(.debug_line)
 .debug_line    0x00000000       0x66 ../helloAES_bsp//obj/HAL/src/crt0.o
 .debug_line    0x00000066      0x2f9 obj/default/source.o
 .debug_line    0x0000035f      0x2be d:/altera/test/13.0sp1/nios2eds/bin/gnu/h-i686-mingw32/bin/../lib/gcc/nios2-elf/4.1.2/../../../../nios2-elf/lib/mno-hw-mul\libsmallc.a(lib_a-printf.o)
 .debug_line    0x0000061d      0x2b2 d:/altera/test/13.0sp1/nios2eds/bin/gnu/h-i686-mingw32/bin/../lib/gcc/nios2-elf/4.1.2/../../../../nios2-elf/lib/mno-hw-mul\libsmallc.a(lib_a-puts.o)
 .debug_line    0x000008cf      0x250 d:/altera/test/13.0sp1/nios2eds/bin/gnu/h-i686-mingw32/bin/../lib/gcc/nios2-elf/4.1.2/../../../../nios2-elf/lib/mno-hw-mul\libsmallc.a(lib_a-strlen.o)
 .debug_line    0x00000b1f      0x666 d:/altera/test/13.0sp1/nios2eds/bin/gnu/h-i686-mingw32/bin/../lib/gcc/nios2-elf/4.1.2/../../../../nios2-elf/lib/mno-hw-mul\libsmallc.a(lib_a-vfprintf.o)
 .debug_line    0x00001185      0x2a9 d:/altera/test/13.0sp1/nios2eds/bin/gnu/h-i686-mingw32/bin/../lib/gcc/nios2-elf/4.1.2/../../../../nios2-elf/lib/mno-hw-mul\libsmallc.a(lib_a-fvwrite_small_dev.o)
 .debug_line    0x0000142e      0x230 d:/altera/test/13.0sp1/nios2eds/bin/gnu/h-i686-mingw32/bin/../lib/gcc/nios2-elf/4.1.2/../../../../nios2-elf/lib/mno-hw-mul\libsmallc.a(lib_a-impure.o)
 .debug_line    0x0000165e      0x29d d:/altera/test/13.0sp1/nios2eds/bin/gnu/h-i686-mingw32/bin/../lib/gcc/nios2-elf/4.1.2/../../../../nios2-elf/lib/mno-hw-mul\libsmallc.a(lib_a-writer.o)
 .debug_line    0x000018fb      0x1e2 d:/altera/test/13.0sp1/nios2eds/bin/gnu/h-i686-mingw32/bin/../lib/gcc/nios2-elf/4.1.2/../../../../nios2-elf/lib/mno-hw-mul\libsmallc.a(lib_a-int_errno.o)
 .debug_line    0x00001add      0x24f d:/altera/test/13.0sp1/nios2eds/bin/gnu/h-i686-mingw32/bin/../lib/gcc/nios2-elf/4.1.2/mno-hw-mul\libgcc.a(lib2-divmod.o)
 .debug_line    0x00001d2c      0x11a d:/altera/test/13.0sp1/nios2eds/bin/gnu/h-i686-mingw32/bin/../lib/gcc/nios2-elf/4.1.2/mno-hw-mul\libgcc.a(lib2-mul.o)
 .debug_line    0x00001e46      0x221 ../helloAES_bsp/\libhal_bsp.a(alt_load.o)
 .debug_line    0x00002067      0x2d4 ../helloAES_bsp/\libhal_bsp.a(alt_main.o)
 .debug_line    0x0000233b      0x2d3 ../helloAES_bsp/\libhal_bsp.a(alt_write.o)
 .debug_line    0x0000260e      0x2b0 ../helloAES_bsp/\libhal_bsp.a(alt_sys_init.o)
 .debug_line    0x000028be      0x1dc ../helloAES_bsp/\libhal_bsp.a(altera_avalon_jtag_uart_fd.o)
 .debug_line    0x00002a9a      0x34d ../helloAES_bsp/\libhal_bsp.a(altera_avalon_jtag_uart_read.o)
 .debug_line    0x00002de7      0x30e ../helloAES_bsp/\libhal_bsp.a(altera_avalon_jtag_uart_write.o)
 .debug_line    0x000030f5      0x2a3 ../helloAES_bsp/\libhal_bsp.a(alt_close.o)
 .debug_line    0x00003398      0x1bf ../helloAES_bsp/\libhal_bsp.a(alt_dcache_flush_all.o)
 .debug_line    0x00003557      0x25e ../helloAES_bsp/\libhal_bsp.a(alt_dev.o)
 .debug_line    0x000037b5      0x264 ../helloAES_bsp/\libhal_bsp.a(alt_dev_llist_insert.o)
 .debug_line    0x00003a19       0x83 ../helloAES_bsp/\libhal_bsp.a(alt_do_ctors.o)
 .debug_line    0x00003a9c       0x83 ../helloAES_bsp/\libhal_bsp.a(alt_do_dtors.o)
 .debug_line    0x00003b1f      0x1b4 ../helloAES_bsp/\libhal_bsp.a(alt_errno.o)
 .debug_line    0x00003cd3      0x1bf ../helloAES_bsp/\libhal_bsp.a(alt_icache_flush_all.o)
 .debug_line    0x00003e92      0x2be ../helloAES_bsp/\libhal_bsp.a(alt_io_redirect.o)
 .debug_line    0x00004150      0x309 ../helloAES_bsp/\libhal_bsp.a(alt_open.o)
 .debug_line    0x00004459       0xed ../helloAES_bsp/\libhal_bsp.a(alt_release_fd.o)
 .debug_line    0x00004546      0x1d8 ../helloAES_bsp/\libhal_bsp.a(altera_nios2_qsys_irq.o)
 .debug_line    0x0000471e      0x275 ../helloAES_bsp/\libhal_bsp.a(alt_find_dev.o)
 .debug_line    0x00004993      0x286 ../helloAES_bsp/\libhal_bsp.a(alt_find_file.o)
 .debug_line    0x00004c19      0x2a1 ../helloAES_bsp/\libhal_bsp.a(alt_get_fd.o)
 .debug_line    0x00004eba      0x203 d:/altera/test/13.0sp1/nios2eds/bin/gnu/h-i686-mingw32/bin/../lib/gcc/nios2-elf/4.1.2/../../../../nios2-elf/lib/mno-hw-mul\libsmallc.a(lib_a-atexit.o)
 .debug_line    0x000050bd      0x223 d:/altera/test/13.0sp1/nios2eds/bin/gnu/h-i686-mingw32/bin/../lib/gcc/nios2-elf/4.1.2/../../../../nios2-elf/lib/mno-hw-mul\libsmallc.a(lib_a-exit.o)
 .debug_line    0x000052e0      0x270 d:/altera/test/13.0sp1/nios2eds/bin/gnu/h-i686-mingw32/bin/../lib/gcc/nios2-elf/4.1.2/../../../../nios2-elf/lib/mno-hw-mul\libsmallc.a(lib_a-memcmp.o)
 .debug_line    0x00005550      0x350 d:/altera/test/13.0sp1/nios2eds/bin/gnu/h-i686-mingw32/bin/../lib/gcc/nios2-elf/4.1.2/../../../../nios2-elf/lib/mno-hw-mul\libsmallc.a(lib_a-__atexit.o)
 .debug_line    0x000058a0      0x360 d:/altera/test/13.0sp1/nios2eds/bin/gnu/h-i686-mingw32/bin/../lib/gcc/nios2-elf/4.1.2/../../../../nios2-elf/lib/mno-hw-mul\libsmallc.a(lib_a-__call_atexit.o)
 .debug_line    0x00005c00      0x210 ../helloAES_bsp/\libhal_bsp.a(alt_exit.o)

.debug_frame    0x00000000      0x810
 *(.debug_frame)
 .debug_frame   0x00000000       0x2c obj/default/source.o
 .debug_frame   0x0000002c       0x40 d:/altera/test/13.0sp1/nios2eds/bin/gnu/h-i686-mingw32/bin/../lib/gcc/nios2-elf/4.1.2/../../../../nios2-elf/lib/mno-hw-mul\libsmallc.a(lib_a-printf.o)
 .debug_frame   0x0000006c       0x3c d:/altera/test/13.0sp1/nios2eds/bin/gnu/h-i686-mingw32/bin/../lib/gcc/nios2-elf/4.1.2/../../../../nios2-elf/lib/mno-hw-mul\libsmallc.a(lib_a-puts.o)
 .debug_frame   0x000000a8       0x20 d:/altera/test/13.0sp1/nios2eds/bin/gnu/h-i686-mingw32/bin/../lib/gcc/nios2-elf/4.1.2/../../../../nios2-elf/lib/mno-hw-mul\libsmallc.a(lib_a-strlen.o)
 .debug_frame   0x000000c8       0x64 d:/altera/test/13.0sp1/nios2eds/bin/gnu/h-i686-mingw32/bin/../lib/gcc/nios2-elf/4.1.2/../../../../nios2-elf/lib/mno-hw-mul\libsmallc.a(lib_a-vfprintf.o)
 .debug_frame   0x0000012c       0x30 d:/altera/test/13.0sp1/nios2eds/bin/gnu/h-i686-mingw32/bin/../lib/gcc/nios2-elf/4.1.2/../../../../nios2-elf/lib/mno-hw-mul\libsmallc.a(lib_a-fvwrite_small_dev.o)
 .debug_frame   0x0000015c       0x2c d:/altera/test/13.0sp1/nios2eds/bin/gnu/h-i686-mingw32/bin/../lib/gcc/nios2-elf/4.1.2/../../../../nios2-elf/lib/mno-hw-mul\libsmallc.a(lib_a-writer.o)
 .debug_frame   0x00000188       0x70 d:/altera/test/13.0sp1/nios2eds/bin/gnu/h-i686-mingw32/bin/../lib/gcc/nios2-elf/4.1.2/mno-hw-mul\libgcc.a(lib2-divmod.o)
 .debug_frame   0x000001f8       0x20 d:/altera/test/13.0sp1/nios2eds/bin/gnu/h-i686-mingw32/bin/../lib/gcc/nios2-elf/4.1.2/mno-hw-mul\libgcc.a(lib2-mul.o)
 .debug_frame   0x00000218       0x48 ../helloAES_bsp/\libhal_bsp.a(alt_load.o)
 .debug_frame   0x00000260       0x2c ../helloAES_bsp/\libhal_bsp.a(alt_main.o)
 .debug_frame   0x0000028c       0x48 ../helloAES_bsp/\libhal_bsp.a(alt_write.o)
 .debug_frame   0x000002d4       0x64 ../helloAES_bsp/\libhal_bsp.a(alt_sys_init.o)
 .debug_frame   0x00000338       0x48 ../helloAES_bsp/\libhal_bsp.a(altera_avalon_jtag_uart_fd.o)
 .debug_frame   0x00000380       0x2c ../helloAES_bsp/\libhal_bsp.a(altera_avalon_jtag_uart_read.o)
 .debug_frame   0x000003ac       0x2c ../helloAES_bsp/\libhal_bsp.a(altera_avalon_jtag_uart_write.o)
 .debug_frame   0x000003d8       0x48 ../helloAES_bsp/\libhal_bsp.a(alt_close.o)
 .debug_frame   0x00000420       0x2c ../helloAES_bsp/\libhal_bsp.a(alt_dcache_flush_all.o)
 .debug_frame   0x0000044c       0x2c ../helloAES_bsp/\libhal_bsp.a(alt_dev.o)
 .debug_frame   0x00000478       0x48 ../helloAES_bsp/\libhal_bsp.a(alt_dev_llist_insert.o)
 .debug_frame   0x000004c0       0x2c ../helloAES_bsp/\libhal_bsp.a(alt_do_ctors.o)
 .debug_frame   0x000004ec       0x2c ../helloAES_bsp/\libhal_bsp.a(alt_do_dtors.o)
 .debug_frame   0x00000518       0x2c ../helloAES_bsp/\libhal_bsp.a(alt_icache_flush_all.o)
 .debug_frame   0x00000544       0x4c ../helloAES_bsp/\libhal_bsp.a(alt_io_redirect.o)
 .debug_frame   0x00000590       0x68 ../helloAES_bsp/\libhal_bsp.a(alt_open.o)
 .debug_frame   0x000005f8       0x30 ../helloAES_bsp/\libhal_bsp.a(alt_release_fd.o)
 .debug_frame   0x00000628       0x2c ../helloAES_bsp/\libhal_bsp.a(altera_nios2_qsys_irq.o)
 .debug_frame   0x00000654       0x2c ../helloAES_bsp/\libhal_bsp.a(alt_find_dev.o)
 .debug_frame   0x00000680       0x2c ../helloAES_bsp/\libhal_bsp.a(alt_find_file.o)
 .debug_frame   0x000006ac       0x30 ../helloAES_bsp/\libhal_bsp.a(alt_get_fd.o)
 .debug_frame   0x000006dc       0x20 d:/altera/test/13.0sp1/nios2eds/bin/gnu/h-i686-mingw32/bin/../lib/gcc/nios2-elf/4.1.2/../../../../nios2-elf/lib/mno-hw-mul\libsmallc.a(lib_a-atexit.o)
 .debug_frame   0x000006fc       0x2c d:/altera/test/13.0sp1/nios2eds/bin/gnu/h-i686-mingw32/bin/../lib/gcc/nios2-elf/4.1.2/../../../../nios2-elf/lib/mno-hw-mul\libsmallc.a(lib_a-exit.o)
 .debug_frame   0x00000728       0x20 d:/altera/test/13.0sp1/nios2eds/bin/gnu/h-i686-mingw32/bin/../lib/gcc/nios2-elf/4.1.2/../../../../nios2-elf/lib/mno-hw-mul\libsmallc.a(lib_a-memcmp.o)
 .debug_frame   0x00000748       0x34 d:/altera/test/13.0sp1/nios2eds/bin/gnu/h-i686-mingw32/bin/../lib/gcc/nios2-elf/4.1.2/../../../../nios2-elf/lib/mno-hw-mul\libsmallc.a(lib_a-__atexit.o)
 .debug_frame   0x0000077c       0x4c d:/altera/test/13.0sp1/nios2eds/bin/gnu/h-i686-mingw32/bin/../lib/gcc/nios2-elf/4.1.2/../../../../nios2-elf/lib/mno-hw-mul\libsmallc.a(lib_a-__call_atexit.o)
 .debug_frame   0x000007c8       0x48 ../helloAES_bsp/\libhal_bsp.a(alt_exit.o)

.debug_str      0x00000000      0xd76
 *(.debug_str)
 .debug_str     0x00000000       0x12 obj/default/source.o
 .debug_str     0x00000012      0x406 d:/altera/test/13.0sp1/nios2eds/bin/gnu/h-i686-mingw32/bin/../lib/gcc/nios2-elf/4.1.2/../../../../nios2-elf/lib/mno-hw-mul\libsmallc.a(lib_a-printf.o)
                                0x466 (size before relaxing)
 .debug_str     0x00000418       0x48 d:/altera/test/13.0sp1/nios2eds/bin/gnu/h-i686-mingw32/bin/../lib/gcc/nios2-elf/4.1.2/../../../../nios2-elf/lib/mno-hw-mul\libsmallc.a(lib_a-puts.o)
                                0x450 (size before relaxing)
 .debug_str     0x00000460       0xe2 d:/altera/test/13.0sp1/nios2eds/bin/gnu/h-i686-mingw32/bin/../lib/gcc/nios2-elf/4.1.2/../../../../nios2-elf/lib/mno-hw-mul\libsmallc.a(lib_a-strlen.o)
                                0x184 (size before relaxing)
 .debug_str     0x00000542      0x168 d:/altera/test/13.0sp1/nios2eds/bin/gnu/h-i686-mingw32/bin/../lib/gcc/nios2-elf/4.1.2/../../../../nios2-elf/lib/mno-hw-mul\libsmallc.a(lib_a-vfprintf.o)
                                0x5af (size before relaxing)
 .debug_str     0x000006aa       0x70 d:/altera/test/13.0sp1/nios2eds/bin/gnu/h-i686-mingw32/bin/../lib/gcc/nios2-elf/4.1.2/../../../../nios2-elf/lib/mno-hw-mul\libsmallc.a(lib_a-fvwrite_small_dev.o)
                                0x46a (size before relaxing)
 .debug_str     0x0000071a       0xf8 d:/altera/test/13.0sp1/nios2eds/bin/gnu/h-i686-mingw32/bin/../lib/gcc/nios2-elf/4.1.2/../../../../nios2-elf/lib/mno-hw-mul\libsmallc.a(lib_a-impure.o)
                                0x45d (size before relaxing)
 .debug_str     0x00000812       0x4f d:/altera/test/13.0sp1/nios2eds/bin/gnu/h-i686-mingw32/bin/../lib/gcc/nios2-elf/4.1.2/../../../../nios2-elf/lib/mno-hw-mul\libsmallc.a(lib_a-writer.o)
                                0x451 (size before relaxing)
 .debug_str     0x00000861       0x40 d:/altera/test/13.0sp1/nios2eds/bin/gnu/h-i686-mingw32/bin/../lib/gcc/nios2-elf/4.1.2/../../../../nios2-elf/lib/mno-hw-mul\libsmallc.a(lib_a-int_errno.o)
                                0x177 (size before relaxing)
 .debug_str     0x000008a1      0x10b d:/altera/test/13.0sp1/nios2eds/bin/gnu/h-i686-mingw32/bin/../lib/gcc/nios2-elf/4.1.2/mno-hw-mul\libgcc.a(lib2-divmod.o)
                                0x1b4 (size before relaxing)
 .debug_str     0x000009ac       0x37 d:/altera/test/13.0sp1/nios2eds/bin/gnu/h-i686-mingw32/bin/../lib/gcc/nios2-elf/4.1.2/mno-hw-mul\libgcc.a(lib2-mul.o)
                                0x175 (size before relaxing)
 .debug_str     0x000009e3       0x12 ../helloAES_bsp/\libhal_bsp.a(alt_load.o)
 .debug_str     0x000009f5       0x12 ../helloAES_bsp/\libhal_bsp.a(alt_main.o)
 .debug_str     0x00000a07       0x12 ../helloAES_bsp/\libhal_bsp.a(alt_write.o)
 .debug_str     0x00000a19       0x12 ../helloAES_bsp/\libhal_bsp.a(alt_sys_init.o)
 .debug_str     0x00000a2b       0x12 ../helloAES_bsp/\libhal_bsp.a(altera_avalon_jtag_uart_read.o)
 .debug_str     0x00000a3d       0x12 ../helloAES_bsp/\libhal_bsp.a(altera_avalon_jtag_uart_write.o)
 .debug_str     0x00000a4f       0x12 ../helloAES_bsp/\libhal_bsp.a(alt_close.o)
 .debug_str     0x00000a61       0x12 ../helloAES_bsp/\libhal_bsp.a(alt_dcache_flush_all.o)
 .debug_str     0x00000a73       0x12 ../helloAES_bsp/\libhal_bsp.a(alt_dev.o)
 .debug_str     0x00000a85       0x12 ../helloAES_bsp/\libhal_bsp.a(alt_dev_llist_insert.o)
 .debug_str     0x00000a97       0x12 ../helloAES_bsp/\libhal_bsp.a(alt_errno.o)
 .debug_str     0x00000aa9       0x12 ../helloAES_bsp/\libhal_bsp.a(alt_icache_flush_all.o)
 .debug_str     0x00000abb       0x12 ../helloAES_bsp/\libhal_bsp.a(alt_io_redirect.o)
 .debug_str     0x00000acd       0x12 ../helloAES_bsp/\libhal_bsp.a(alt_open.o)
 .debug_str     0x00000adf       0x12 ../helloAES_bsp/\libhal_bsp.a(altera_nios2_qsys_irq.o)
 .debug_str     0x00000af1       0x12 ../helloAES_bsp/\libhal_bsp.a(alt_find_dev.o)
 .debug_str     0x00000b03       0x12 ../helloAES_bsp/\libhal_bsp.a(alt_find_file.o)
 .debug_str     0x00000b15       0x12 ../helloAES_bsp/\libhal_bsp.a(alt_get_fd.o)
 .debug_str     0x00000b27       0xdb d:/altera/test/13.0sp1/nios2eds/bin/gnu/h-i686-mingw32/bin/../lib/gcc/nios2-elf/4.1.2/../../../../nios2-elf/lib/mno-hw-mul\libsmallc.a(lib_a-atexit.o)
                                0x1e5 (size before relaxing)
 .debug_str     0x00000c02       0x41 d:/altera/test/13.0sp1/nios2eds/bin/gnu/h-i686-mingw32/bin/../lib/gcc/nios2-elf/4.1.2/../../../../nios2-elf/lib/mno-hw-mul\libsmallc.a(lib_a-exit.o)
                                0x178 (size before relaxing)
 .debug_str     0x00000c43       0x45 d:/altera/test/13.0sp1/nios2eds/bin/gnu/h-i686-mingw32/bin/../lib/gcc/nios2-elf/4.1.2/../../../../nios2-elf/lib/mno-hw-mul\libsmallc.a(lib_a-memcmp.o)
                                0x17e (size before relaxing)
 .debug_str     0x00000c88       0x54 d:/altera/test/13.0sp1/nios2eds/bin/gnu/h-i686-mingw32/bin/../lib/gcc/nios2-elf/4.1.2/../../../../nios2-elf/lib/mno-hw-mul\libsmallc.a(lib_a-__atexit.o)
                                0x467 (size before relaxing)
 .debug_str     0x00000cdc       0x7e d:/altera/test/13.0sp1/nios2eds/bin/gnu/h-i686-mingw32/bin/../lib/gcc/nios2-elf/4.1.2/../../../../nios2-elf/lib/mno-hw-mul\libsmallc.a(lib_a-__call_atexit.o)
                                0x491 (size before relaxing)
 .debug_str     0x00000d5a       0x1c ../helloAES_bsp/\libhal_bsp.a(alt_exit.o)

.debug_loc      0x00000000     0x1762
 *(.debug_loc)
 .debug_loc     0x00000000       0x2b obj/default/source.o
 .debug_loc     0x0000002b       0x8d d:/altera/test/13.0sp1/nios2eds/bin/gnu/h-i686-mingw32/bin/../lib/gcc/nios2-elf/4.1.2/../../../../nios2-elf/lib/mno-hw-mul\libsmallc.a(lib_a-printf.o)
 .debug_loc     0x000000b8       0xa2 d:/altera/test/13.0sp1/nios2eds/bin/gnu/h-i686-mingw32/bin/../lib/gcc/nios2-elf/4.1.2/../../../../nios2-elf/lib/mno-hw-mul\libsmallc.a(lib_a-puts.o)
 .debug_loc     0x0000015a       0x1e d:/altera/test/13.0sp1/nios2eds/bin/gnu/h-i686-mingw32/bin/../lib/gcc/nios2-elf/4.1.2/../../../../nios2-elf/lib/mno-hw-mul\libsmallc.a(lib_a-strlen.o)
 .debug_loc     0x00000178      0x878 d:/altera/test/13.0sp1/nios2eds/bin/gnu/h-i686-mingw32/bin/../lib/gcc/nios2-elf/4.1.2/../../../../nios2-elf/lib/mno-hw-mul\libsmallc.a(lib_a-vfprintf.o)
 .debug_loc     0x000009f0      0x162 d:/altera/test/13.0sp1/nios2eds/bin/gnu/h-i686-mingw32/bin/../lib/gcc/nios2-elf/4.1.2/../../../../nios2-elf/lib/mno-hw-mul\libsmallc.a(lib_a-fvwrite_small_dev.o)
 .debug_loc     0x00000b52       0x97 d:/altera/test/13.0sp1/nios2eds/bin/gnu/h-i686-mingw32/bin/../lib/gcc/nios2-elf/4.1.2/../../../../nios2-elf/lib/mno-hw-mul\libsmallc.a(lib_a-writer.o)
 .debug_loc     0x00000be9      0x1d2 d:/altera/test/13.0sp1/nios2eds/bin/gnu/h-i686-mingw32/bin/../lib/gcc/nios2-elf/4.1.2/mno-hw-mul\libgcc.a(lib2-divmod.o)
 .debug_loc     0x00000dbb       0x4f d:/altera/test/13.0sp1/nios2eds/bin/gnu/h-i686-mingw32/bin/../lib/gcc/nios2-elf/4.1.2/mno-hw-mul\libgcc.a(lib2-mul.o)
 .debug_loc     0x00000e0a       0x56 ../helloAES_bsp/\libhal_bsp.a(alt_load.o)
 .debug_loc     0x00000e60       0x2b ../helloAES_bsp/\libhal_bsp.a(alt_main.o)
 .debug_loc     0x00000e8b       0x56 ../helloAES_bsp/\libhal_bsp.a(alt_write.o)
 .debug_loc     0x00000ee1       0x81 ../helloAES_bsp/\libhal_bsp.a(alt_sys_init.o)
 .debug_loc     0x00000f62       0x56 ../helloAES_bsp/\libhal_bsp.a(altera_avalon_jtag_uart_fd.o)
 .debug_loc     0x00000fb8       0x2b ../helloAES_bsp/\libhal_bsp.a(altera_avalon_jtag_uart_read.o)
 .debug_loc     0x00000fe3       0x2b ../helloAES_bsp/\libhal_bsp.a(altera_avalon_jtag_uart_write.o)
 .debug_loc     0x0000100e       0x56 ../helloAES_bsp/\libhal_bsp.a(alt_close.o)
 .debug_loc     0x00001064       0x2b ../helloAES_bsp/\libhal_bsp.a(alt_dcache_flush_all.o)
 .debug_loc     0x0000108f       0x2b ../helloAES_bsp/\libhal_bsp.a(alt_dev.o)
 .debug_loc     0x000010ba       0x56 ../helloAES_bsp/\libhal_bsp.a(alt_dev_llist_insert.o)
 .debug_loc     0x00001110       0x2b ../helloAES_bsp/\libhal_bsp.a(alt_do_ctors.o)
 .debug_loc     0x0000113b       0x2b ../helloAES_bsp/\libhal_bsp.a(alt_do_dtors.o)
 .debug_loc     0x00001166       0x2b ../helloAES_bsp/\libhal_bsp.a(alt_icache_flush_all.o)
 .debug_loc     0x00001191       0x56 ../helloAES_bsp/\libhal_bsp.a(alt_io_redirect.o)
 .debug_loc     0x000011e7       0x81 ../helloAES_bsp/\libhal_bsp.a(alt_open.o)
 .debug_loc     0x00001268       0x2b ../helloAES_bsp/\libhal_bsp.a(alt_release_fd.o)
 .debug_loc     0x00001293       0x2b ../helloAES_bsp/\libhal_bsp.a(altera_nios2_qsys_irq.o)
 .debug_loc     0x000012be       0x2b ../helloAES_bsp/\libhal_bsp.a(alt_find_dev.o)
 .debug_loc     0x000012e9       0x2b ../helloAES_bsp/\libhal_bsp.a(alt_find_file.o)
 .debug_loc     0x00001314       0x2b ../helloAES_bsp/\libhal_bsp.a(alt_get_fd.o)
 .debug_loc     0x0000133f       0x1e d:/altera/test/13.0sp1/nios2eds/bin/gnu/h-i686-mingw32/bin/../lib/gcc/nios2-elf/4.1.2/../../../../nios2-elf/lib/mno-hw-mul\libsmallc.a(lib_a-atexit.o)
 .debug_loc     0x0000135d       0x3d d:/altera/test/13.0sp1/nios2eds/bin/gnu/h-i686-mingw32/bin/../lib/gcc/nios2-elf/4.1.2/../../../../nios2-elf/lib/mno-hw-mul\libsmallc.a(lib_a-exit.o)
 .debug_loc     0x0000139a       0x70 d:/altera/test/13.0sp1/nios2eds/bin/gnu/h-i686-mingw32/bin/../lib/gcc/nios2-elf/4.1.2/../../../../nios2-elf/lib/mno-hw-mul\libsmallc.a(lib_a-memcmp.o)
 .debug_loc     0x0000140a      0x141 d:/altera/test/13.0sp1/nios2eds/bin/gnu/h-i686-mingw32/bin/../lib/gcc/nios2-elf/4.1.2/../../../../nios2-elf/lib/mno-hw-mul\libsmallc.a(lib_a-__atexit.o)
 .debug_loc     0x0000154b      0x1c1 d:/altera/test/13.0sp1/nios2eds/bin/gnu/h-i686-mingw32/bin/../lib/gcc/nios2-elf/4.1.2/../../../../nios2-elf/lib/mno-hw-mul\libsmallc.a(lib_a-__call_atexit.o)
 .debug_loc     0x0000170c       0x56 ../helloAES_bsp/\libhal_bsp.a(alt_exit.o)

.debug_macinfo
 *(.debug_macinfo)

.debug_weaknames
 *(.debug_weaknames)

.debug_funcnames
 *(.debug_funcnames)

.debug_typenames
 *(.debug_typenames)

.debug_varnames
 *(.debug_varnames)

.debug_alt_sim_info
                0x00000000       0x10
 *(.debug_alt_sim_info)
 .debug_alt_sim_info
                0x00000000       0x10 ../helloAES_bsp//obj/HAL/src/crt0.o
                0x00010000                __alt_data_end = 0x10000
                0x00010000                PROVIDE (__alt_stack_pointer, __alt_data_end)
                0x0000aa58                PROVIDE (__alt_stack_limit, __alt_stack_base)
                0x0000aa58                PROVIDE (__alt_heap_start, end)
                0x00010000                PROVIDE (__alt_heap_limit, 0x10000)
OUTPUT(helloAES.elf elf32-littlenios2)

.debug_ranges   0x00000000      0x178
 .debug_ranges  0x00000000       0x20 ../helloAES_bsp//obj/HAL/src/crt0.o
 .debug_ranges  0x00000020      0x140 d:/altera/test/13.0sp1/nios2eds/bin/gnu/h-i686-mingw32/bin/../lib/gcc/nios2-elf/4.1.2/../../../../nios2-elf/lib/mno-hw-mul\libsmallc.a(lib_a-vfprintf.o)
 .debug_ranges  0x00000160       0x18 d:/altera/test/13.0sp1/nios2eds/bin/gnu/h-i686-mingw32/bin/../lib/gcc/nios2-elf/4.1.2/../../../../nios2-elf/lib/mno-hw-mul\libsmallc.a(lib_a-__call_atexit.o)
